
> ci-policy-app@0.0.0 lint
> eslint .

[BABEL] Note: The code generator has deoptimised the styling of C:\AI\Git\training\HomeHealth\Policies_and_Procedures_V2\src\policy\data\achcSurveyProjection.generated.ts as it exceeds the max of 500KB.
[BABEL] Note: The code generator has deoptimised the styling of C:\AI\Git\training\HomeHealth\Policies_and_Procedures_V2\src\policy\data\workflows.generated.ts as it exceeds the max of 500KB.
[BABEL] Note: The code generator has deoptimised the styling of C:\AI\Git\training\HomeHealth\Policies_and_Procedures_V2\src\policy\data\allPoliciesContent.generated.ts as it exceeds the max of 500KB.

C:\AI\Git\training\HomeHealth\Policies_and_Procedures_V2\scratch\temp_v1_gvgb.tsx
  45:34  error  Unexpected any. Specify a different type  @typescript-eslint/no-explicit-any

C:\AI\Git\training\HomeHealth\Policies_and_Procedures_V2\scratch\temp_v1_sharedpolicydetail.tsx
   468:17  error    Unnecessary escape character: \-                                                                                                                                                                          no-useless-escape
   469:68  error    Unnecessary escape character: \-                                                                                                                                                                          no-useless-escape
   497:13  error    Unnecessary escape character: \-                                                                                                                                                                          no-useless-escape
   499:42  error    Unnecessary escape character: \-                                                                                                                                                                          no-useless-escape
  1502:7   warning  The 'FULL_SECTIONS' array makes the dependencies of useMemo Hook (at line 1652) change on every render. To fix this, wrap the initialization of 'FULL_SECTIONS' in its own useMemo() Hook                 react-hooks/exhaustive-deps
  1502:7   warning  The 'FULL_SECTIONS' array makes the dependencies of useMemo Hook (at line 1677) change on every render. To fix this, wrap the initialization of 'FULL_SECTIONS' in its own useMemo() Hook                 react-hooks/exhaustive-deps
  1502:7   warning  The 'FULL_SECTIONS' array makes the dependencies of useMemo Hook (at line 1715) change on every render. To fix this, wrap the initialization of 'FULL_SECTIONS' in its own useMemo() Hook                 react-hooks/exhaustive-deps
  1542:9   warning  The 'genericSectionsByTab' object makes the dependencies of useMemo Hook (at line 1652) change on every render. To fix this, wrap the initialization of 'genericSectionsByTab' in its own useMemo() Hook  react-hooks/exhaustive-deps
  1542:9   warning  The 'genericSectionsByTab' object makes the dependencies of useMemo Hook (at line 1677) change on every render. To fix this, wrap the initialization of 'genericSectionsByTab' in its own useMemo() Hook  react-hooks/exhaustive-deps
  1752:6   warning  React Hook useLayoutEffect has a missing dependency: 'WINDOW_MS'. Either include it or remove the dependency array                                                                                        react-hooks/exhaustive-deps
  1819:6   warning  React Hook useEffect has missing dependencies: 'navigateBackward' and 'navigateForward'. Either include them or remove the dependency array                                                               react-hooks/exhaustive-deps
  1901:6   warning  React Hook useEffect has missing dependencies: 'activeSectionGlobalIdx' and 'navigateToSection'. Either include them or remove the dependency array                                                       react-hooks/exhaustive-deps
  1923:6   warning  React Hook useEffect has a missing dependency: 'navigateToSection'. Either include it or remove the dependency array                                                                                      react-hooks/exhaustive-deps
  1942:6   warning  React Hook useEffect has a missing dependency: 'navigateToSection'. Either include it or remove the dependency array                                                                                      react-hooks/exhaustive-deps

C:\AI\Git\training\HomeHealth\Policies_and_Procedures_V2\scratch\v1-classifyScenario.ts
  27:34  error  Unexpected any. Specify a different type  @typescript-eslint/no-explicit-any

C:\AI\Git\training\HomeHealth\Policies_and_Procedures_V2\scratch\v1-pm-audit\ApprovalsQueuePage.tsx
  53:31  warning  Error: Cannot call impure function during render

`Date.now` is an impure function. Calling an impure function can produce unstable results that update unpredictably when the component happens to re-render. (https://react.dev/reference/rules/components-and-hooks-must-be-pure#components-and-hooks-must-be-idempotent).

C:\AI\Git\training\HomeHealth\Policies_and_Procedures_V2\scratch\v1-pm-audit\ApprovalsQueuePage.tsx:53:31
  51 |     ingest([
  52 |       {
> 53 |         id: `notif-approval-${Date.now().toString(36)}-${Math.random().toString(36).slice(2, 6)}`,
     |                               ^^^^^^^^^^ Cannot call impure function
  54 |         user_id: assignee,
  55 |         task_id: t.task_id,
  56 |         kind,                                   react-hooks/purity
  53:58  warning  Error: Cannot call impure function during render

`Math.random` is an impure function. Calling an impure function can produce unstable results that update unpredictably when the component happens to re-render. (https://react.dev/reference/rules/components-and-hooks-must-be-pure#components-and-hooks-must-be-idempotent).

C:\AI\Git\training\HomeHealth\Policies_and_Procedures_V2\scratch\v1-pm-audit\ApprovalsQueuePage.tsx:53:58
  51 |     ingest([
  52 |       {
> 53 |         id: `notif-approval-${Date.now().toString(36)}-${Math.random().toString(36).slice(2, 6)}`,
     |                                                          ^^^^^^^^^^^^^ Cannot call impure function
  54 |         user_id: assignee,
  55 |         task_id: t.task_id,
  56 |         kind,  react-hooks/purity
  57:56  warning  Error: Cannot call impure function during render

`Date.now` is an impure function. Calling an impure function can produce unstable results that update unpredictably when the component happens to re-render. (https://react.dev/reference/rules/components-and-hooks-must-be-pure#components-and-hooks-must-be-idempotent).

C:\AI\Git\training\HomeHealth\Policies_and_Procedures_V2\scratch\v1-pm-audit\ApprovalsQueuePage.tsx:57:56
  55 |         task_id: t.task_id,
  56 |         kind,
> 57 |         window_token: `${kind}:approval:${t.task_id}:${Date.now()}`,
     |                                                        ^^^^^^^^^^ Cannot call impure function
  58 |         payload,
  59 |         created_at: new Date().toISOString(),
  60 |       },                react-hooks/purity

C:\AI\Git\training\HomeHealth\Policies_and_Procedures_V2\scratch\v1-pm-audit\PmTaskCard.tsx
  67:31  error  Unexpected any. Specify a different type  @typescript-eslint/no-explicit-any
  67:57  error  Unexpected any. Specify a different type  @typescript-eslint/no-explicit-any

C:\AI\Git\training\HomeHealth\Policies_and_Procedures_V2\scratch\v1-pm-audit\SprintPlanPage.tsx
  67:5  warning  Error: Calling setState synchronously within an effect can trigger cascading renders

Effects are intended to synchronize state between React and external systems such as manually updating the DOM, state management libraries, or other platform APIs. In general, the body of an effect should do one or both of the following:
* Update external systems with the latest state from React.
* Subscribe for updates from some external system, calling setState in a callback function when external state changes.

Calling setState synchronously within an effect body causes cascading renders that can hurt performance, and is not recommended. (https://react.dev/learn/you-might-not-need-an-effect).

C:\AI\Git\training\HomeHealth\Policies_and_Procedures_V2\scratch\v1-pm-audit\SprintPlanPage.tsx:67:5
  65 |   const [capacity, setCapacity] = useState<Record<string, number>>({});
  66 |   useEffect(() => {
> 67 |     setCapacity(prev => {
     |     ^^^^^^^^^^^ Avoid calling setState() directly within an effect
  68 |       const next: Record<string, number> = { ...prev };
  69 |       for (const o of knownOwners) if (next[o] === undefined) next[o] = DEFAULT_CAPACITY;
  70 |       return next;  react-hooks/set-state-in-effect

C:\AI\Git\training\HomeHealth\Policies_and_Procedures_V2\scratch\v1_AchcSurveyAlignmentPage.tsx
  213:7  warning  Error: Calling setState synchronously within an effect can trigger cascading renders

Effects are intended to synchronize state between React and external systems such as manually updating the DOM, state management libraries, or other platform APIs. In general, the body of an effect should do one or both of the following:
* Update external systems with the latest state from React.
* Subscribe for updates from some external system, calling setState in a callback function when external state changes.

Calling setState synchronously within an effect body causes cascading renders that can hurt performance, and is not recommended. (https://react.dev/learn/you-might-not-need-an-effect).

C:\AI\Git\training\HomeHealth\Policies_and_Procedures_V2\scratch\v1_AchcSurveyAlignmentPage.tsx:213:7
  211 |     const targetMode = modeFromQuery(searchParams.get('view'));
  212 |     if (targetMode !== mode) {
> 213 |       setMode(targetMode);
      |       ^^^^^^^ Avoid calling setState() directly within an effect
  214 |     }
  215 |   }, [mode, searchParams]);
  216 |  react-hooks/set-state-in-effect

C:\AI\Git\training\HomeHealth\Policies_and_Procedures_V2\scripts\validateReferenceIntegrity.ts
  13:7   error  'EVENT_IDS' is assigned a value but never used. Allowed unused vars must match /^_/u  @typescript-eslint/no-unused-vars
  20:29  error  Unexpected any. Specify a different type                                              @typescript-eslint/no-explicit-any
  21:29  error  Unexpected any. Specify a different type                                              @typescript-eslint/no-explicit-any

C:\AI\Git\training\HomeHealth\Policies_and_Procedures_V2\scripts\verifyBradScenarioActionLayer.ts
   1:8  error  'fs' is defined but never used. Allowed unused vars must match /^_/u             @typescript-eslint/no-unused-vars
  12:7  error  'ROOT' is assigned a value but never used. Allowed unused vars must match /^_/u  @typescript-eslint/no-unused-vars

C:\AI\Git\training\HomeHealth\Policies_and_Procedures_V2\server\googleEvidence.ts
  77:25  error  Unexpected control character(s) in regular expression: \x00, \x1f  no-control-regex

C:\AI\Git\training\HomeHealth\Policies_and_Procedures_V2\server\routes\calendar.ts
  26:3  error  'validateEvidenceRef' is defined but never used. Allowed unused vars must match /^_/u  @typescript-eslint/no-unused-vars

C:\AI\Git\training\HomeHealth\Policies_and_Procedures_V2\src\policy\audit\auditState.ts
    1:1   warning  Do not use "@ts-nocheck" because it alters compilation errors  @typescript-eslint/ban-ts-comment
  478:39  error    Unexpected any. Specify a different type                       @typescript-eslint/no-explicit-any

C:\AI\Git\training\HomeHealth\Policies_and_Procedures_V2\src\policy\brad\classifyScenario.ts
  27:34  error  Unexpected any. Specify a different type  @typescript-eslint/no-explicit-any

C:\AI\Git\training\HomeHealth\Policies_and_Procedures_V2\src\policy\brad\referenceResolver.ts
  13:3   warning  Unused eslint-disable directive (no problems were reported from '@typescript-eslint/no-var-requires')
  14:15  error    A `require()` style import is forbidden                                                                @typescript-eslint/no-require-imports

C:\AI\Git\training\HomeHealth\Policies_and_Procedures_V2\src\policy\brad\useBradWorkflow.ts
  59:6  warning  React Hook useMemo has a missing dependency: 'runtime'. Either include it or remove the dependency array  react-hooks/exhaustive-deps

C:\AI\Git\training\HomeHealth\Policies_and_Procedures_V2\src\policy\ces\cesMasterControlAudit.test.ts
  30:39  error  Unexpected any. Specify a different type  @typescript-eslint/no-explicit-any
  30:74  error  Unexpected any. Specify a different type  @typescript-eslint/no-explicit-any
  71:42  error  Unexpected any. Specify a different type  @typescript-eslint/no-explicit-any

C:\AI\Git\training\HomeHealth\Policies_and_Procedures_V2\src\policy\ces\cesViewProjections.test.ts
  35:3  error  'FALLBACK_REPORT_BARS' is defined but never used. Allowed unused vars must match /^_/u  @typescript-eslint/no-unused-vars

C:\AI\Git\training\HomeHealth\Policies_and_Procedures_V2\src\policy\ces\cesViewProjections.ts
   43:29   error  Unexpected any. Specify a different type  @typescript-eslint/no-explicit-any
  109:27   error  Unexpected any. Specify a different type  @typescript-eslint/no-explicit-any
  530:38   error  Unexpected any. Specify a different type  @typescript-eslint/no-explicit-any
  556:80   error  Unexpected any. Specify a different type  @typescript-eslint/no-explicit-any
  556:129  error  Unexpected any. Specify a different type  @typescript-eslint/no-explicit-any
  587:43   error  Unexpected any. Specify a different type  @typescript-eslint/no-explicit-any
  589:59   error  Unexpected any. Specify a different type  @typescript-eslint/no-explicit-any
  597:87   error  Unexpected any. Specify a different type  @typescript-eslint/no-explicit-any
  605:43   error  Unexpected any. Specify a different type  @typescript-eslint/no-explicit-any
  607:39   error  Unexpected any. Specify a different type  @typescript-eslint/no-explicit-any
  608:38   error  Unexpected any. Specify a different type  @typescript-eslint/no-explicit-any
  615:82   error  Unexpected any. Specify a different type  @typescript-eslint/no-explicit-any
  621:37   error  Unexpected any. Specify a different type  @typescript-eslint/no-explicit-any
  623:38   error  Unexpected any. Specify a different type  @typescript-eslint/no-explicit-any
  624:36   error  Unexpected any. Specify a different type  @typescript-eslint/no-explicit-any
  625:37   error  Unexpected any. Specify a different type  @typescript-eslint/no-explicit-any
  641:37   error  Unexpected any. Specify a different type  @typescript-eslint/no-explicit-any
  672:30   error  Unexpected any. Specify a different type  @typescript-eslint/no-explicit-any
  679:37   error  Unexpected any. Specify a different type  @typescript-eslint/no-explicit-any
  681:38   error  Unexpected any. Specify a different type  @typescript-eslint/no-explicit-any
  682:36   error  Unexpected any. Specify a different type  @typescript-eslint/no-explicit-any
  685:29   error  Unexpected any. Specify a different type  @typescript-eslint/no-explicit-any

C:\AI\Git\training\HomeHealth\Policies_and_Procedures_V2\src\policy\ces\data\V3_CES_SeedData.ts
  1:1  warning  Do not use "@ts-nocheck" because it alters compilation errors  @typescript-eslint/ban-ts-comment

C:\AI\Git\training\HomeHealth\Policies_and_Procedures_V2\src\policy\ces\data\V3_CES_SnapshotBuilder.ts
  1:1  warning  Do not use "@ts-nocheck" because it alters compilation errors  @typescript-eslint/ban-ts-comment

C:\AI\Git\training\HomeHealth\Policies_and_Procedures_V2\src\policy\compliance-execution\complianceExecutionStore.ts
  19:1   warning  Do not use "@ts-nocheck" because it alters compilation errors  @typescript-eslint/ban-ts-comment
  37:31  error    Unexpected any. Specify a different type                       @typescript-eslint/no-explicit-any

C:\AI\Git\training\HomeHealth\Policies_and_Procedures_V2\src\policy\ecign\signerIdentity.ts
  1:1  warning  Do not use "@ts-nocheck" because it alters compilation errors  @typescript-eslint/ban-ts-comment

C:\AI\Git\training\HomeHealth\Policies_and_Procedures_V2\src\policy\ecign\useEcignInstance.ts
  211:6  warning  React Hook useEffect has missing dependencies: 'args.signerRequirements' and 'args.signerSlots'. Either include them or remove the dependency array  react-hooks/exhaustive-deps

C:\AI\Git\training\HomeHealth\Policies_and_Procedures_V2\src\policy\pm\taskProjection.ts
  10:1   warning  Do not use "@ts-nocheck" because it alters compilation errors                                                  @typescript-eslint/ban-ts-comment
  66:5   warning  React Hook useMemo has a missing dependency: 'sprintWindow'. Either include it or remove the dependency array  react-hooks/exhaustive-deps
  85:19  error    Unexpected any. Specify a different type                                                                       @typescript-eslint/no-explicit-any

C:\AI\Git\training\HomeHealth\Policies_and_Procedures_V2\src\policy\security\features\useFeatureAccess.ts
  62:7  warning  React Hook useMemo has unnecessary dependencies: 'assignmentsRev' and 'usersRev'. Either exclude them or remove the dependency array  react-hooks/exhaustive-deps

C:\AI\Git\training\HomeHealth\Policies_and_Procedures_V2\src\policy\services\policyLinkService.ts
  18:25  error  'getCorpusPolicy' is defined but never used. Allowed unused vars must match /^_/u  @typescript-eslint/no-unused-vars

C:\AI\Git\training\HomeHealth\Policies_and_Procedures_V2\src\policy\stores\regulatoryExecutionStore.ts
     1:1   warning  Do not use "@ts-nocheck" because it alters compilation errors  @typescript-eslint/ban-ts-comment
   959:40  error    Unexpected any. Specify a different type                       @typescript-eslint/no-explicit-any
   960:40  error    Unexpected any. Specify a different type                       @typescript-eslint/no-explicit-any
   961:42  error    Unexpected any. Specify a different type                       @typescript-eslint/no-explicit-any
   962:44  error    Unexpected any. Specify a different type                       @typescript-eslint/no-explicit-any
  2353:45  error    Unexpected any. Specify a different type                       @typescript-eslint/no-explicit-any
  2867:29  error    Unexpected any. Specify a different type                       @typescript-eslint/no-explicit-any
  2867:46  error    Unexpected any. Specify a different type                       @typescript-eslint/no-explicit-any

C:\AI\Git\training\HomeHealth\Policies_and_Procedures_V2\src\policy\workflows\swimlanes\formInstanceResolver.ts
  1:10  error  'resolveCanonicalFormId' is defined but never used. Allowed unused vars must match /^_/u  @typescript-eslint/no-unused-vars

C:\AI\Git\training\HomeHealth\Policies_and_Procedures_V2\src\policy\workflows\swimlanes\useSwimlaneModalPosition.ts
  41:7  warning  Error: Calling setState synchronously within an effect can trigger cascading renders

Effects are intended to synchronize state between React and external systems such as manually updating the DOM, state management libraries, or other platform APIs. In general, the body of an effect should do one or both of the following:
* Update external systems with the latest state from React.
* Subscribe for updates from some external system, calling setState in a callback function when external state changes.

Calling setState synchronously within an effect body causes cascading renders that can hurt performance, and is not recommended. (https://react.dev/learn/you-might-not-need-an-effect).

C:\AI\Git\training\HomeHealth\Policies_and_Procedures_V2\src\policy\workflows\swimlanes\useSwimlaneModalPosition.ts:41:7
  39 |     if (!active) {
  40 |       lockedRectRef.current = null;
> 41 |       setWorkspaceRect(null);
     |       ^^^^^^^^^^^^^^^^ Avoid calling setState() directly within an effect
  42 |       return undefined;
  43 |     }
  44 |  react-hooks/set-state-in-effect

C:\AI\Git\training\HomeHealth\Policies_and_Procedures_V2\src\services\mockBradEngine.ts
  622:115  error  Unexpected any. Specify a different type  @typescript-eslint/no-explicit-any

C:\AI\Git\training\HomeHealth\Policies_and_Procedures_V2\src\v6\screens\RepresentativeScreens.tsx
    97:28   error    Unexpected any. Specify a different type                                                                                                                                                                                                                                                                                                                                                                                                                                                                                                                                                                                                                                                                                                                                                                                                                                                                                                                                                                                                                                                                                                                                                  @typescript-eslint/no-explicit-any
    97:70   error    Unexpected any. Specify a different type                                                                                                                                                                                                                                                                                                                                                                                                                                                                                                                                                                                                                                                                                                                                                                                                                                                                                                                                                                                                                                                                                                                                                  @typescript-eslint/no-explicit-any
    99:42   error    Unexpected any. Specify a different type                                                                                                                                                                                                                                                                                                                                                                                                                                                                                                                                                                                                                                                                                                                                                                                                                                                                                                                                                                                                                                                                                                                                                  @typescript-eslint/no-explicit-any
   121:91   error    Unexpected any. Specify a different type                                                                                                                                                                                                                                                                                                                                                                                                                                                                                                                                                                                                                                                                                                                                                                                                                                                                                                                                                                                                                                                                                                                                                  @typescript-eslint/no-explicit-any
   121:122  error    Unexpected any. Specify a different type                                                                                                                                                                                                                                                                                                                                                                                                                                                                                                                                                                                                                                                                                                                                                                                                                                                                                                                                                                                                                                                                                                                                                  @typescript-eslint/no-explicit-any
   140:174  error    Unexpected any. Specify a different type                                                                                                                                                                                                                                                                                                                                                                                                                                                                                                                                                                                                                                                                                                                                                                                                                                                                                                                                                                                                                                                                                                                                                  @typescript-eslint/no-explicit-any
   984:14   error    Unexpected any. Specify a different type                                                                                                                                                                                                                                                                                                                                                                                                                                                                                                                                                                                                                                                                                                                                                                                                                                                                                                                                                                                                                                                                                                                                                  @typescript-eslint/no-explicit-any
  1009:31   error    Unexpected any. Specify a different type                                                                                                                                                                                                                                                                                                                                                                                                                                                                                                                                                                                                                                                                                                                                                                                                                                                                                                                                                                                                                                                                                                                                                  @typescript-eslint/no-explicit-any
  1073:13   error    Unexpected any. Specify a different type                                                                                                                                                                                                                                                                                                                                                                                                                                                                                                                                                                                                                                                                                                                                                                                                                                                                                                                                                                                                                                                                                                                                                  @typescript-eslint/no-explicit-any
  1080:23   error    Unexpected any. Specify a different type                                                                                                                                                                                                                                                                                                                                                                                                                                                                                                                                                                                                                                                                                                                                                                                                                                                                                                                                                                                                                                                                                                                                                  @typescript-eslint/no-explicit-any
  1080:51   error    Unexpected any. Specify a different type                                                                                                                                                                                                                                                                                                                                                                                                                                                                                                                                                                                                                                                                                                                                                                                                                                                                                                                                                                                                                                                                                                                                                  @typescript-eslint/no-explicit-any
  1080:68   error    Unexpected any. Specify a different type                                                                                                                                                                                                                                                                                                                                                                                                                                                                                                                                                                                                                                                                                                                                                                                                                                                                                                                                                                                                                                                                                                                                                  @typescript-eslint/no-explicit-any
  1081:17   error    Unexpected any. Specify a different type                                                                                                                                                                                                                                                                                                                                                                                                                                                                                                                                                                                                                                                                                                                                                                                                                                                                                                                                                                                                                                                                                                                                                  @typescript-eslint/no-explicit-any
  1083:61   error    Unexpected any. Specify a different type                                                                                                                                                                                                                                                                                                                                                                                                                                                                                                                                                                                                                                                                                                                                                                                                                                                                                                                                                                                                                                                                                                                                                  @typescript-eslint/no-explicit-any
  1087:21   error    Unexpected any. Specify a different type                                                                                                                                                                                                                                                                                                                                                                                                                                                                                                                                                                                                                                                                                                                                                                                                                                                                                                                                                                                                                                                                                                                                                  @typescript-eslint/no-explicit-any
  1088:18   error    Unexpected any. Specify a different type                                                                                                                                                                                                                                                                                                                                                                                                                                                                                                                                                                                                                                                                                                                                                                                                                                                                                                                                                                                                                                                                                                                                                  @typescript-eslint/no-explicit-any
  1092:34   error    Unexpected any. Specify a different type                                                                                                                                                                                                                                                                                                                                                                                                                                                                                                                                                                                                                                                                                                                                                                                                                                                                                                                                                                                                                                                                                                                                                  @typescript-eslint/no-explicit-any
  1104:11   error    Empty block statement                                                                                                                                                                                                                                                                                                                                                                                                                                                                                                                                                                                                                                                                                                                                                                                                                                                                                                                                                                                                                                                                                                                                                                     no-empty
  1111:26   error    Unexpected any. Specify a different type                                                                                                                                                                                                                                                                                                                                                                                                                                                                                                                                                                                                                                                                                                                                                                                                                                                                                                                                                                                                                                                                                                                                                  @typescript-eslint/no-explicit-any
  1111:51   error    Unexpected any. Specify a different type                                                                                                                                                                                                                                                                                                                                                                                                                                                                                                                                                                                                                                                                                                                                                                                                                                                                                                                                                                                                                                                                                                                                                  @typescript-eslint/no-explicit-any
  1111:74   error    Unexpected any. Specify a different type                                                                                                                                                                                                                                                                                                                                                                                                                                                                                                                                                                                                                                                                                                                                                                                                                                                                                                                                                                                                                                                                                                                                                  @typescript-eslint/no-explicit-any
  1116:51   error    Unexpected any. Specify a different type                                                                                                                                                                                                                                                                                                                                                                                                                                                                                                                                                                                                                                                                                                                                                                                                                                                                                                                                                                                                                                                                                                                                                  @typescript-eslint/no-explicit-any
  1133:13   error    Empty block statement                                                                                                                                                                                                                                                                                                                                                                                                                                                                                                                                                                                                                                                                                                                                                                                                                                                                                                                                                                                                                                                                                                                                                                     no-empty
  1147:25   error    Unexpected any. Specify a different type                                                                                                                                                                                                                                                                                                                                                                                                                                                                                                                                                                                                                                                                                                                                                                                                                                                                                                                                                                                                                                                                                                                                                  @typescript-eslint/no-explicit-any
  1153:55   error    Unexpected any. Specify a different type                                                                                                                                                                                                                                                                                                                                                                                                                                                                                                                                                                                                                                                                                                                                                                                                                                                                                                                                                                                                                                                                                                                                                  @typescript-eslint/no-explicit-any
  1270:29   error    Unexpected any. Specify a different type                                                                                                                                                                                                                                                                                                                                                                                                                                                                                                                                                                                                                                                                                                                                                                                                                                                                                                                                                                                                                                                                                                                                                  @typescript-eslint/no-explicit-any
  1279:75   error    Unexpected any. Specify a different type                                                                                                                                                                                                                                                                                                                                                                                                                                                                                                                                                                                                                                                                                                                                                                                                                                                                                                                                                                                                                                                                                                                                                  @typescript-eslint/no-explicit-any
  1287:68   error    Unexpected any. Specify a different type                                                                                                                                                                                                                                                                                                                                                                                                                                                                                                                                                                                                                                                                                                                                                                                                                                                                                                                                                                                                                                                                                                                                                  @typescript-eslint/no-explicit-any
  1478:30   error    Unexpected any. Specify a different type                                                                                                                                                                                                                                                                                                                                                                                                                                                                                                                                                                                                                                                                                                                                                                                                                                                                                                                                                                                                                                                                                                                                                  @typescript-eslint/no-explicit-any
  1484:27   error    Unexpected any. Specify a different type                                                                                                                                                                                                                                                                                                                                                                                                                                                                                                                                                                                                                                                                                                                                                                                                                                                                                                                                                                                                                                                                                                                                                  @typescript-eslint/no-explicit-any
  1676:20   error    Unexpected any. Specify a different type                                                                                                                                                                                                                                                                                                                                                                                                                                                                                                                                                                                                                                                                                                                                                                                                                                                                                                                                                                                                                                                                                                                                                  @typescript-eslint/no-explicit-any
  1677:17   error    Unexpected any. Specify a different type                                                                                                                                                                                                                                                                                                                                                                                                                                                                                                                                                                                                                                                                                                                                                                                                                                                                                                                                                                                                                                                                                                                                                  @typescript-eslint/no-explicit-any
  1685:20   error    Unexpected any. Specify a different type                                                                                                                                                                                                                                                                                                                                                                                                                                                                                                                                                                                                                                                                                                                                                                                                                                                                                                                                                                                                                                                                                                                                                  @typescript-eslint/no-explicit-any
  1686:17   error    Unexpected any. Specify a different type                                                                                                                                                                                                                                                                                                                                                                                                                                                                                                                                                                                                                                                                                                                                                                                                                                                                                                                                                                                                                                                                                                                                                  @typescript-eslint/no-explicit-any
  2214:9    error    'blocked' is never reassigned. Use 'const' instead                                                                                                                                                                                                                                                                                                                                                                                                                                                                                                                                                                                                                                                                                                                                                                                                                                                                                                                                                                                                                                                                                                                                        prefer-const
  2293:7    warning  React Hook useMemo has a missing dependency: 'goInstance'. Either include it or remove the dependency array                                                                                                                                                                                                                                                                                                                                                                                                                                                                                                                                                                                                                                                                                                                                                                                                                                                                                                                                                                                                                                                                               react-hooks/exhaustive-deps
  2621:30   error    Unexpected any. Specify a different type                                                                                                                                                                                                                                                                                                                                                                                                                                                                                                                                                                                                                                                                                                                                                                                                                                                                                                                                                                                                                                                                                                                                                  @typescript-eslint/no-explicit-any
  2881:60   error    Unexpected any. Specify a different type                                                                                                                                                                                                                                                                                                                                                                                                                                                                                                                                                                                                                                                                                                                                                                                                                                                                                                                                                                                                                                                                                                                                                  @typescript-eslint/no-explicit-any
  2956:5    warning  Error: Calling setState synchronously within an effect can trigger cascading renders

Effects are intended to synchronize state between React and external systems such as manually updating the DOM, state management libraries, or other platform APIs. In general, the body of an effect should do one or both of the following:
* Update external systems with the latest state from React.
* Subscribe for updates from some external system, calling setState in a callback function when external state changes.

Calling setState synchronously within an effect body causes cascading renders that can hurt performance, and is not recommended. (https://react.dev/learn/you-might-not-need-an-effect).

C:\AI\Git\training\HomeHealth\Policies_and_Procedures_V2\src\v6\screens\RepresentativeScreens.tsx:2956:5
  2954 |
  2955 |   useEffect(() => {
> 2956 |     setAgendaMode(isCesCalendar ? 'Month' : 'Week');
       |     ^^^^^^^^^^^^^ Avoid calling setState() directly within an effect
  2957 |     if (!requestedEventId) setSelectedEvent(null);
  2958 |     setActiveEventKey(null);
  2959 |     setActiveEventAnchor(null);                                  react-hooks/set-state-in-effect
  2965:6    warning  React Hook useEffect has a missing dependency: 'events'. Either include it or remove the dependency array                                                                                                                                                                                                                                                                                                                                                                                                                                                                                                                                                                                                                                                                                                                                                                                                                                                                                                                                                                                                                                                                                 react-hooks/exhaustive-deps
  2973:5    warning  Error: Calling setState synchronously within an effect can trigger cascading renders

Effects are intended to synchronize state between React and external systems such as manually updating the DOM, state management libraries, or other platform APIs. In general, the body of an effect should do one or both of the following:
* Update external systems with the latest state from React.
* Subscribe for updates from some external system, calling setState in a callback function when external state changes.

Calling setState synchronously within an effect body causes cascading renders that can hurt performance, and is not recommended. (https://react.dev/learn/you-might-not-need-an-effect).

C:\AI\Git\training\HomeHealth\Policies_and_Procedures_V2\src\v6\screens\RepresentativeScreens.tsx:2973:5
  2971 |     if (!targetEvent) return;
  2972 |
> 2973 |     setAgendaMode('Month');
       |     ^^^^^^^^^^^^^ Avoid calling setState() directly within an effect
  2974 |     if (isCesCalendar) setCesMonth(getEventMonth(targetEvent));
  2975 |     setSelectedEvent(attachSwimlaneToCalendarEvent(targetEvent));
  2976 |     setActiveEventKey(null);  react-hooks/set-state-in-effect
  3400:39   error    Unexpected any. Specify a different type                                                                                                                                                                                                                                                                                                                                                                                                                                                                                                                                                                                                                                                                                                                                                                                                                                                                                                                                                                                                                                                                                                                                                  @typescript-eslint/no-explicit-any
  3406:63   error    Unexpected any. Specify a different type                                                                                                                                                                                                                                                                                                                                                                                                                                                                                                                                                                                                                                                                                                                                                                                                                                                                                                                                                                                                                                                                                                                                                  @typescript-eslint/no-explicit-any
  3408:33   error    Unexpected any. Specify a different type                                                                                                                                                                                                                                                                                                                                                                                                                                                                                                                                                                                                                                                                                                                                                                                                                                                                                                                                                                                                                                                                                                                                                  @typescript-eslint/no-explicit-any
  3410:33   error    Unexpected any. Specify a different type                                                                                                                                                                                                                                                                                                                                                                                                                                                                                                                                                                                                                                                                                                                                                                                                                                                                                                                                                                                                                                                                                                                                                  @typescript-eslint/no-explicit-any
  3412:25   error    Empty block statement                                                                                                                                                                                                                                                                                                                                                                                                                                                                                                                                                                                                                                                                                                                                                                                                                                                                                                                                                                                                                                                                                                                                                                     no-empty
  3413:21   error    'evt' is never reassigned. Use 'const' instead                                                                                                                                                                                                                                                                                                                                                                                                                                                                                                                                                                                                                                                                                                                                                                                                                                                                                                                                                                                                                                                                                                                                            prefer-const
  3416:53   error    Unexpected any. Specify a different type                                                                                                                                                                                                                                                                                                                                                                                                                                                                                                                                                                                                                                                                                                                                                                                                                                                                                                                                                                                                                                                                                                                                                  @typescript-eslint/no-explicit-any
  3418:55   error    Unexpected any. Specify a different type                                                                                                                                                                                                                                                                                                                                                                                                                                                                                                                                                                                                                                                                                                                                                                                                                                                                                                                                                                                                                                                                                                                                                  @typescript-eslint/no-explicit-any
  3471:89   error    Unexpected any. Specify a different type                                                                                                                                                                                                                                                                                                                                                                                                                                                                                                                                                                                                                                                                                                                                                                                                                                                                                                                                                                                                                                                                                                                                                  @typescript-eslint/no-explicit-any
  3505:52   error    Unexpected any. Specify a different type                                                                                                                                                                                                                                                                                                                                                                                                                                                                                                                                                                                                                                                                                                                                                                                                                                                                                                                                                                                                                                                                                                                                                  @typescript-eslint/no-explicit-any
  3572:53   error    Unexpected any. Specify a different type                                                                                                                                                                                                                                                                                                                                                                                                                                                                                                                                                                                                                                                                                                                                                                                                                                                                                                                                                                                                                                                                                                                                                  @typescript-eslint/no-explicit-any
  3736:123  error    Unexpected any. Specify a different type                                                                                                                                                                                                                                                                                                                                                                                                                                                                                                                                                                                                                                                                                                                                                                                                                                                                                                                                                                                                                                                                                                                                                  @typescript-eslint/no-explicit-any
  3737:27   error    Unexpected any. Specify a different type                                                                                                                                                                                                                                                                                                                                                                                                                                                                                                                                                                                                                                                                                                                                                                                                                                                                                                                                                                                                                                                                                                                                                  @typescript-eslint/no-explicit-any
  3747:67   error    Unexpected any. Specify a different type                                                                                                                                                                                                                                                                                                                                                                                                                                                                                                                                                                                                                                                                                                                                                                                                                                                                                                                                                                                                                                                                                                                                                  @typescript-eslint/no-explicit-any
  3756:35   error    Unexpected any. Specify a different type                                                                                                                                                                                                                                                                                                                                                                                                                                                                                                                                                                                                                                                                                                                                                                                                                                                                                                                                                                                                                                                                                                                                                  @typescript-eslint/no-explicit-any
  3757:35   error    Unexpected any. Specify a different type                                                                                                                                                                                                                                                                                                                                                                                                                                                                                                                                                                                                                                                                                                                                                                                                                                                                                                                                                                                                                                                                                                                                                  @typescript-eslint/no-explicit-any
  3765:32   error    Unexpected any. Specify a different type                                                                                                                                                                                                                                                                                                                                                                                                                                                                                                                                                                                                                                                                                                                                                                                                                                                                                                                                                                                                                                                                                                                                                  @typescript-eslint/no-explicit-any
  3765:75   error    Unexpected any. Specify a different type                                                                                                                                                                                                                                                                                                                                                                                                                                                                                                                                                                                                                                                                                                                                                                                                                                                                                                                                                                                                                                                                                                                                                  @typescript-eslint/no-explicit-any
  3774:48   error    Unexpected any. Specify a different type                                                                                                                                                                                                                                                                                                                                                                                                                                                                                                                                                                                                                                                                                                                                                                                                                                                                                                                                                                                                                                                                                                                                                  @typescript-eslint/no-explicit-any

C:\AI\Git\training\HomeHealth\Policies_and_Procedures_V2\src\v6\screens\pageviews\EventsBoardScreen.tsx
  141:73  error  Unexpected any. Specify a different type  @typescript-eslint/no-explicit-any
  142:67  error  Unexpected any. Specify a different type  @typescript-eslint/no-explicit-any

C:\AI\Git\training\HomeHealth\Policies_and_Procedures_V2\src\v6\screens\pageviews\GovernanceScreen.tsx
  48:82  error  Unexpected any. Specify a different type  @typescript-eslint/no-explicit-any

C:\AI\Git\training\HomeHealth\Policies_and_Procedures_V2\src\v6\screens\pageviews\MasterControlsScreen.tsx
  128:34  error  Unexpected any. Specify a different type  @typescript-eslint/no-explicit-any
  128:60  error  Unexpected any. Specify a different type  @typescript-eslint/no-explicit-any

C:\AI\Git\training\HomeHealth\Policies_and_Procedures_V2\src\v6\screens\pageviews\OnboardingV2ActivateScreen.tsx
  25:88   error  Unexpected any. Specify a different type                                      @typescript-eslint/no-explicit-any
  30:175  error  Unexpected any. Specify a different type                                      @typescript-eslint/no-explicit-any
  31:14   error  'e' is defined but never used. Allowed unused caught errors must match /^_/u  @typescript-eslint/no-unused-vars

C:\AI\Git\training\HomeHealth\Policies_and_Procedures_V2\src\v6\screens\pageviews\OnboardingV2AuditScreen.tsx
  28:56   error  Unexpected any. Specify a different type  @typescript-eslint/no-explicit-any
  30:44   error  Unexpected any. Specify a different type  @typescript-eslint/no-explicit-any
  31:70   error  Unexpected any. Specify a different type  @typescript-eslint/no-explicit-any
  39:58   error  Unexpected any. Specify a different type  @typescript-eslint/no-explicit-any
  40:17   error  Unexpected any. Specify a different type  @typescript-eslint/no-explicit-any
  41:37   error  Unexpected any. Specify a different type  @typescript-eslint/no-explicit-any
  42:45   error  Unexpected any. Specify a different type  @typescript-eslint/no-explicit-any
  43:41   error  Unexpected any. Specify a different type  @typescript-eslint/no-explicit-any
  44:29   error  Unexpected any. Specify a different type  @typescript-eslint/no-explicit-any
  44:61   error  Unexpected any. Specify a different type  @typescript-eslint/no-explicit-any
  44:114  error  Unexpected any. Specify a different type  @typescript-eslint/no-explicit-any
  46:30   error  Unexpected any. Specify a different type  @typescript-eslint/no-explicit-any
  47:29   error  Unexpected any. Specify a different type  @typescript-eslint/no-explicit-any
  47:85   error  Unexpected any. Specify a different type  @typescript-eslint/no-explicit-any
  91:59   error  Unexpected any. Specify a different type  @typescript-eslint/no-explicit-any

C:\AI\Git\training\HomeHealth\Policies_and_Procedures_V2\src\v6\screens\pageviews\OnboardingV2BatchScreen.tsx
  103:44  error  Unexpected any. Specify a different type  @typescript-eslint/no-explicit-any
  105:56  error  Unexpected any. Specify a different type  @typescript-eslint/no-explicit-any
  115:62  error  Unexpected any. Specify a different type  @typescript-eslint/no-explicit-any
  115:92  error  Unexpected any. Specify a different type  @typescript-eslint/no-explicit-any
  117:19  error  Unexpected any. Specify a different type  @typescript-eslint/no-explicit-any
  118:46  error  Unexpected any. Specify a different type  @typescript-eslint/no-explicit-any
  118:76  error  Unexpected any. Specify a different type  @typescript-eslint/no-explicit-any
  120:39  error  Unexpected any. Specify a different type  @typescript-eslint/no-explicit-any
  137:38  error  Unexpected any. Specify a different type  @typescript-eslint/no-explicit-any
  149:44  error  Unexpected any. Specify a different type  @typescript-eslint/no-explicit-any
  150:47  error  Unexpected any. Specify a different type  @typescript-eslint/no-explicit-any
  157:34  error  Unexpected any. Specify a different type  @typescript-eslint/no-explicit-any

C:\AI\Git\training\HomeHealth\Policies_and_Procedures_V2\src\v6\screens\pageviews\OnboardingV2BatchesScreen.tsx
  26:60  error  Unexpected any. Specify a different type  @typescript-eslint/no-explicit-any
  27:94  error  Unexpected any. Specify a different type  @typescript-eslint/no-explicit-any
  28:43  error  Unexpected any. Specify a different type  @typescript-eslint/no-explicit-any
  68:43  error  Unexpected any. Specify a different type  @typescript-eslint/no-explicit-any
  77:44  error  Unexpected any. Specify a different type  @typescript-eslint/no-explicit-any

C:\AI\Git\training\HomeHealth\Policies_and_Procedures_V2\src\v6\screens\pageviews\OnboardingV2DashboardScreen.tsx
  76:46   error  Unexpected any. Specify a different type  @typescript-eslint/no-explicit-any
  77:55   error  Unexpected any. Specify a different type  @typescript-eslint/no-explicit-any
  78:48   error  Unexpected any. Specify a different type  @typescript-eslint/no-explicit-any
  90:63   error  Unexpected any. Specify a different type  @typescript-eslint/no-explicit-any
  91:119  error  Unexpected any. Specify a different type  @typescript-eslint/no-explicit-any

C:\AI\Git\training\HomeHealth\Policies_and_Procedures_V2\src\v6\screens\pageviews\OnboardingV2GovernanceScreen.tsx
  29:53  error  Unexpected any. Specify a different type  @typescript-eslint/no-explicit-any
  47:99  error  Unexpected any. Specify a different type  @typescript-eslint/no-explicit-any
  61:13  error  Empty block statement                     no-empty

C:\AI\Git\training\HomeHealth\Policies_and_Procedures_V2\src\v6\screens\pageviews\PolicyLifecycleScreen.tsx
  43:79  error  Unexpected any. Specify a different type  @typescript-eslint/no-explicit-any

C:\AI\Git\training\HomeHealth\Policies_and_Procedures_V2\src\v6\screens\pageviews\WorkflowDetailAndSwimlaneScreen.tsx
  92:52  error  Unexpected any. Specify a different type  @typescript-eslint/no-explicit-any

C:\AI\Git\training\HomeHealth\Policies_and_Procedures_V2\src\v6\screens\pageviews\WorkflowsScreen.tsx
   31:45  error  Unexpected any. Specify a different type  @typescript-eslint/no-explicit-any
   32:56  error  Unexpected any. Specify a different type  @typescript-eslint/no-explicit-any
   68:13  error  Unexpected any. Specify a different type  @typescript-eslint/no-explicit-any
  111:13  error  Unexpected any. Specify a different type  @typescript-eslint/no-explicit-any
  169:21  error  Unexpected any. Specify a different type  @typescript-eslint/no-explicit-any

C:\AI\Git\training\HomeHealth\Policies_and_Procedures_V2\tmp_classify.ts
  27:34  error  Unexpected any. Specify a different type  @typescript-eslint/no-explicit-any

Γ£û 200 problems (168 errors, 32 warnings)
  2 errors and 1 warning potentially fixable with the `--fix` option.

