src/policy/audit/auditState.ts(481,56): error TS2345: Argument of type 'EvidenceDoc' is not assignable to parameter of type 'Record<string, unknown>'.
  Index signature for type 'string' is missing in type 'EvidenceDoc'.
src/policy/compliance-execution/complianceExecutionStore.ts(34,35): error TS2307: Cannot find module './seededMode' or its corresponding type declarations.
src/policy/compliance-execution/index.ts(21,15): error TS2307: Cannot find module './seededMode' or its corresponding type declarations.
src/policy/ecign/signerIdentity.ts(3,25): error TS2307: Cannot find module '@/auth/AuthProvider' or its corresponding type declarations.
src/policy/stores/regulatoryExecutionStore.ts(30,33): error TS2307: Cannot find module '@/policy/components/FormSignatureContext' or its corresponding type declarations.
src/policy/stores/regulatoryExecutionStore.ts(2853,38): error TS2345: Argument of type 'string | undefined' is not assignable to parameter of type 'string'.
  Type 'undefined' is not assignable to type 'string'.
src/v6/screens/pageviews/JourneyOverviewScreen.tsx(294,33): error TS2304: Cannot find name 'useState'.
src/v6/screens/pageviews/MasterControlsScreen.tsx(5,1): error TS6133: 'buildCesControlAuditView' is declared but its value is never read.
src/v6/screens/pageviews/MasterControlsScreen.tsx(6,1): error TS6133: 'ControlInventoryRow' is declared but its value is never read.
src/v6/screens/pageviews/MasterControlsScreen.tsx(64,5): error TS2304: Cannot find name 'loadMasterControlInventorySeed'.
src/v6/screens/pageviews/MasterControlsScreen.tsx(64,44): error TS7006: Parameter 'items' implicitly has an 'any' type.
src/v6/screens/pageviews/MasterControlsScreen.tsx(66,68): error TS2304: Cannot find name 'MasterControlItem'.
src/v6/screens/pageviews/MasterControlsScreen.tsx(80,33): error TS7006: Parameter 'i' implicitly has an 'any' type.
src/v6/screens/pageviews/PolicyLifecycleDetailScreen.tsx(1,48): error TS6133: 'FileText' is declared but its value is never read.
src/v6/screens/pageviews/PolicyLifecycleDetailScreen.tsx(7,26): error TS6133: 'cleanInline' is declared but its value is never read.
src/v6/screens/pageviews/WorkflowsScreen.tsx(128,9): error TS6133: 'navigate' is declared but its value is never read.
src/v6/screens/pageviews/WorkflowsScreen.tsx(172,15): error TS2304: Cannot find name 'openRealDetail'.
src/v6/screens/pageviews/WorkflowsScreen.tsx(250,15): error TS2304: Cannot find name 'openSwimlaneInline'.
src/v6/screens/pageviews/WorkflowsScreen.tsx(265,8): error TS2304: Cannot find name 'selectedEvent'.
src/v6/screens/pageviews/WorkflowsScreen.tsx(269,52): error TS2304: Cannot find name 'selectedEvent'.
src/v6/screens/pageviews/WorkflowsScreen.tsx(269,81): error TS2304: Cannot find name 'selectedEvent'.
src/v6/screens/pageviews/WorkflowsScreen.tsx(272,14): error TS2304: Cannot find name 'Button'.
src/v6/screens/pageviews/WorkflowsScreen.tsx(272,56): error TS2304: Cannot find name 'setSelectedEvent'.
src/v6/screens/pageviews/WorkflowsScreen.tsx(272,94): error TS2304: Cannot find name 'Button'.
src/v6/screens/pageviews/WorkflowsScreen.tsx(276,34): error TS2304: Cannot find name 'selectedEvent'.
src/v6/screens/pageviews/WorkflowsScreen.tsx(276,67): error TS2304: Cannot find name 'selectedEvent'.
src/v6/screens/pageviews/WorkflowsScreen.tsx(276,96): error TS2304: Cannot find name 'selectedEvent'.
src/v6/screens/pageviews/WorkflowsScreen.tsx(276,124): error TS2304: Cannot find name 'selectedEvent'.
src/v6/screens/pageviews/WorkflowsScreen.tsx(276,155): error TS2304: Cannot find name 'selectedEvent'.
src/v6/screens/pageviews/WorkflowsScreen.tsx(276,187): error TS2304: Cannot find name 'selectedEvent'.
src/v6/screens/pageviews/WorkflowsScreen.tsx(277,48): error TS2304: Cannot find name 'selectedEvent'.
src/v6/screens/pageviews/WorkflowsScreen.tsx(278,29): error TS2304: Cannot find name 'buildLanesForWorkflow'.
src/v6/screens/pageviews/WorkflowsScreen.tsx(279,39): error TS2304: Cannot find name 'BoardLaneData'.
src/v6/screens/pageviews/WorkflowsScreen.tsx(279,58): error TS2304: Cannot find name 'BoardLane'.
src/v6/screens/pageviews/WorkflowsScreen.tsx(279,122): error TS2304: Cannot find name 'setSelectedLaneCard'.
src/v6/screens/RepresentativeScreens.tsx(2,88): error TS6133: 'useCallback' is declared but its value is never read.
src/v6/screens/RepresentativeScreens.tsx(2,112): error TS6133: 'useMemo' is declared but its value is never read.
src/v6/screens/RepresentativeScreens.tsx(6,15): error TS6196: 'Task' is declared but never used.
src/v6/screens/RepresentativeScreens.tsx(10,1): error TS6133: 'usePmOverlayStore' is declared but its value is never read.
src/v6/screens/RepresentativeScreens.tsx(11,1): error TS6133: 'usePmPersonalStore' is declared but its value is never read.
src/v6/screens/RepresentativeScreens.tsx(13,1): error TS6192: All imports in import declaration are unused.
src/v6/screens/RepresentativeScreens.tsx(33,1): error TS6192: All imports in import declaration are unused.
src/v6/screens/RepresentativeScreens.tsx(34,1): error TS6133: 'useAutogenStore' is declared but its value is never read.
src/v6/screens/RepresentativeScreens.tsx(35,1): error TS6133: 'useRegulatoryExecutionStore' is declared but its value is never read.
src/v6/screens/RepresentativeScreens.tsx(36,1): error TS6192: All imports in import declaration are unused.
src/v6/screens/RepresentativeScreens.tsx(37,1): error TS6192: All imports in import declaration are unused.
src/v6/screens/RepresentativeScreens.tsx(38,1): error TS6192: All imports in import declaration are unused.
src/v6/screens/RepresentativeScreens.tsx(46,1): error TS6133: 'PageHeader' is declared but its value is never read.
src/v6/screens/RepresentativeScreens.tsx(178,20): error TS6133: 'setSprintId' is declared but its value is never read.
src/v6/screens/RepresentativeScreens.tsx(194,9): error TS6133: 'sprintWindow' is declared but its value is never read.
