vite v8.0.2 building client environment for production...
[2K
transforming...Γ£ô 1909 modules transformed.
Γ£ù Build failed in 3.21s
error during build:
Build failed with 2 errors:

[UNRESOLVED_IMPORT] Error: Could not resolve './seededMode' in src/policy/compliance-execution/index.ts
    Γò¡ΓöÇ[ src/policy/compliance-execution/index.ts:14:15 ]
    Γöé
 14 Γöé export * from "./seededMode";
    Γöé               ΓöÇΓöÇΓöÇΓöÇΓöÇΓöÇΓöÇΓö¼ΓöÇΓöÇΓöÇΓöÇΓöÇΓöÇ  
    Γöé                      Γò░ΓöÇΓöÇΓöÇΓöÇΓöÇΓöÇΓöÇΓöÇ Module not found.
    Γöé 
    Γöé Help: 'src/policy/compliance-execution/index.ts' is imported by the following path:
    Γöé         - src/policy/compliance-execution/index.ts
    Γöé         - src/v6/screens/RepresentativeScreens.tsx
    Γöé         - src/v6/screens/index.ts
    Γöé         - src/v6/routing/router.tsx
    Γöé         - src/App.tsx
    Γöé         - src/main.tsx
    Γöé         - index.html
ΓöÇΓöÇΓöÇΓöÇΓò»

[UNLOADABLE_DEPENDENCY] Error: Could not load src/auth/AuthProvider
   Γò¡ΓöÇ[ src/policy/ecign/signerIdentity.ts:2:25 ]
   Γöé
 2 Γöé import { useAuth } from "@/auth/AuthProvider";
   Γöé                         ΓöÇΓöÇΓöÇΓöÇΓöÇΓöÇΓöÇΓöÇΓöÇΓöÇΓö¼ΓöÇΓöÇΓöÇΓöÇΓöÇΓöÇΓöÇΓöÇΓöÇΓöÇ  
   Γöé                                   Γò░ΓöÇΓöÇΓöÇΓöÇΓöÇΓöÇΓöÇΓöÇΓöÇΓöÇΓöÇΓöÇ The system cannot find the file specified. (os error 2)
ΓöÇΓöÇΓöÇΓò»

    at aggregateBindingErrorsIntoJsError (file:///C:/AI/Git/training/HomeHealth/Policies_and_Procedures_V2/node_modules/rolldown/dist/shared/error-D8cGyrC7.mjs:48:18)
    at unwrapBindingResult (file:///C:/AI/Git/training/HomeHealth/Policies_and_Procedures_V2/node_modules/rolldown/dist/shared/error-D8cGyrC7.mjs:18:128)
    at #build (file:///C:/AI/Git/training/HomeHealth/Policies_and_Procedures_V2/node_modules/rolldown/dist/shared/rolldown-build-CL9PyQ2E.mjs:3313:34)
    at async buildEnvironment (file:///C:/AI/Git/training/HomeHealth/Policies_and_Procedures_V2/node_modules/vite/dist/node/chunks/node.js:32829:64)
    at async Object.build (file:///C:/AI/Git/training/HomeHealth/Policies_and_Procedures_V2/node_modules/vite/dist/node/chunks/node.js:33251:19)
    at async Object.buildApp (file:///C:/AI/Git/training/HomeHealth/Policies_and_Procedures_V2/node_modules/vite/dist/node/chunks/node.js:33248:153)
    at async CAC.<anonymous> (file:///C:/AI/Git/training/HomeHealth/Policies_and_Procedures_V2/node_modules/vite/dist/node/cli.js:778:3) {
  errors: [Getter/Setter]
}
