
> ci-policy-app@0.0.0 prebuild
> node scripts/cleanEmittedJs.mjs && node scripts/syncMasterControlInventory.mjs

[sync-master-control-inventory] Source: public\data\MASTER_CONTROL_INVENTORY_DATA_MODEL.json
[sync-master-control-inventory] Copied to public\Builder\Documentations\MASTER_CONTROL_INVENTORY_DATA_MODEL.json
[sync-master-control-inventory] Copied to public\Documentations\MASTER_CONTROL_INVENTORY_DATA_MODEL.json
[sync-master-control-inventory] Copied to public\MASTER_CONTROL_INVENTORY_DATA_MODEL.json

> ci-policy-app@0.0.0 build
> tsc -b && vite build

vite v8.0.2 building client environment for production...
[2K
transforming...Γ£ô 3239 modules transformed.
rendering chunks...
computing gzip size...
dist/index.html                                                     0.90 kB Γöé gzip:     0.51 kB
dist/assets/montserrat-latin-600-normal-UVxSCcoG.woff2             18.68 kB
dist/assets/montserrat-latin-500-normal-DRFEGfly.woff2             18.74 kB
dist/assets/montserrat-latin-400-normal-BLhwKU8k.woff2             18.78 kB
dist/assets/montserrat-latin-700-normal-BdjcYUrC.woff2             18.82 kB
dist/assets/montserrat-latin-600-normal-CdhFl4lI.woff              20.54 kB
dist/assets/montserrat-latin-500-normal-Dok2oTci.woff              20.60 kB
dist/assets/montserrat-latin-400-normal-xItZbAXg.woff              20.64 kB
dist/assets/montserrat-latin-700-normal-BWkrl476.woff              20.67 kB
dist/assets/lesson-07-practice-IHhIQnQW.png                        21.57 kB
dist/assets/roboto-latin-500-normal-DQZyH_nt.woff                  21.92 kB
dist/assets/roboto-latin-300-normal-CCzlftfr.woff2                 22.07 kB
dist/assets/roboto-latin-300-normal-BARJ-h6h.woff                  22.08 kB
dist/assets/lesson-05-lead-care-Cz0YLeM7.png                       22.16 kB
dist/assets/roboto-latin-500-normal-7RbcRiD8.woff2                 22.20 kB
dist/assets/lesson-03-visit-structure-BY4woutI.png                 22.27 kB
dist/assets/lesson-03-skilled-need-CLqmidHw.png                    27.40 kB
dist/assets/lesson-04-timeliness-BufgeDa_.png                      27.94 kB
dist/assets/lesson-01-why-doc-B5HSyki5.png                         29.47 kB
dist/assets/lesson-07-practice-SMtPrSKH.png                        29.66 kB
dist/assets/lesson-05-doc-errors-DhIxYnKR.png                      30.56 kB
dist/assets/lesson-02-soap-BZZSdaQb.png                            30.91 kB
dist/assets/lesson-06-rn-review-fmuo3qys.png                       31.41 kB
dist/assets/lesson-06-remediation-DWTucfmK.png                     44.73 kB
dist/assets/lesson-03-core-skills-BrbJQmaR.png                     45.22 kB
dist/assets/lesson-04-process-B7BmDN3J.png                         45.51 kB
dist/assets/lesson-01-competency-oSfTZ1k8.png                      47.14 kB
dist/assets/lesson-07-sign-off-C1njdOs7.png                        48.20 kB
dist/assets/lesson-02-seven-rights-CDA35gtZ.png                    49.52 kB
dist/assets/lesson-05-critical-steps-CfkFDYgM.png                  50.37 kB
dist/assets/lesson-02-framework-mQBYR4aH.png                       51.99 kB
dist/assets/lesson-02-cms-485-ByaJVD_x.png                         53.35 kB
dist/assets/lesson-04-missed-visit-CebFh0AJ.png                    58.97 kB
dist/assets/lesson-05-delegation-DrYU9vYX.png                      61.83 kB
dist/assets/lesson-07-scope-practice-DJCEXQo1.png                  76.38 kB
dist/assets/lesson-01-plan-of-care-D8UJpqrU.png                    84.21 kB
dist/assets/lesson-01-fifth-vital-BV1zYh77.png                    122.69 kB
dist/assets/lesson-03-classify-CdfMwa-r.png                       140.33 kB
dist/assets/lesson-03-protocol-Bp5nkNjs.png                       155.73 kB
dist/assets/lesson-05-notify-kddDJObj.png                         172.64 kB
dist/assets/lesson-07-practice-gNJNOOF8.png                       179.83 kB
dist/assets/lesson-03-frequency-GTE3_Adx.png                      471.53 kB
dist/assets/lesson-06-cosign-D_p2mKQI.png                         526.06 kB
dist/assets/lesson-02-soap-note-e9HGlylP.png                      672.58 kB
dist/assets/lesson-03-timelines-CWYZCnNt.png                      698.93 kB
dist/assets/lesson-06-metrics-h-CZ73L8.png                        732.51 kB
dist/assets/lesson-05-doc-errors-BOyVAw01.png                     761.67 kB
dist/assets/lesson-07-practice-w7t_5NxS.png                       812.85 kB
dist/assets/lesson-05-flagged-notes-CzwcSy79.png                  820.28 kB
dist/assets/lesson-02-workflow-BQXFkdgR.png                       831.44 kB
dist/assets/rn-010-lesson-04-CMSP2j-J.png                         873.44 kB
dist/assets/lesson-05-sharps-ulkN5T-q.png                         877.62 kB
dist/assets/rn-013-lesson-04-CNIfHM2q.png                         878.30 kB
dist/assets/rn-008-lesson-04-Bz0UNSAp.png                         882.95 kB
dist/assets/lesson-02-classify-Bafbi-Gq.png                       895.30 kB
dist/assets/lesson-04-supervision-DBDLTeWm.png                    901.52 kB
dist/assets/lesson-07-practice-Dlz4HK8e.png                       905.19 kB
dist/assets/lesson-03-rn-review-BU811Nk4.png                      909.07 kB
dist/assets/lesson-07-practice-Can5veDi.png                       941.72 kB
dist/assets/rn-001-lesson-01-BO6te270.png                         945.12 kB
dist/assets/rn-012-lesson-04-DbZPUVLt.png                         946.92 kB
dist/assets/rn-002-lesson-04-BhTBNjJB.png                         971.00 kB
dist/assets/lesson-06-accountability-DmCPPLIK.png                 982.49 kB
dist/assets/lesson-01-ehr-dashboard-Ztg9NXUA.png                  985.72 kB
dist/assets/rn-001-lesson-04-C4DomZvL.png                       1,000.41 kB
dist/assets/rn-013-lesson-01-Bb0Nzwqk.png                       1,003.60 kB
dist/assets/rn-003-lesson-04-DWaAlmPo.png                       1,011.00 kB
dist/assets/rn-010-lesson-01-BHaAjj1B.png                       1,018.65 kB
dist/assets/rn-006-lesson-04-BxTcnBE_.png                       1,026.53 kB
dist/assets/lesson-06-patient-change-DC70pI4B.png               1,039.98 kB
dist/assets/rn-015-lesson-04-CATV98MP.png                       1,048.34 kB
dist/assets/rn-003-lesson-03-terMoAJp.png                       1,052.00 kB
dist/assets/rn-011-lesson-01-BT6ygLw5.png                       1,067.77 kB
dist/assets/rn-007-lesson-01-DNGtbRvY.png                       1,068.25 kB
dist/assets/lesson-03-reconcile-DQ6weYtH.png                    1,073.02 kB
dist/assets/rn-007-lesson-05-SgkXuewF.png                       1,077.21 kB
dist/assets/rn-008-lesson-01-BoCnNpO_.png                       1,077.54 kB
dist/assets/rn-sup-lesson-06-CyQOUhn0.png                       1,099.34 kB
dist/assets/rn-011-lesson-04-Bq6VPHdm.png                       1,107.66 kB
dist/assets/rn-011-lesson-07-do5-RqFs.png                       1,107.96 kB
dist/assets/rn-015-lesson-06-CUt7uMrB.png                       1,109.17 kB
dist/assets/rn-sup-lesson-04-Duac7BGN.png                       1,109.67 kB
dist/assets/rn-013-lesson-06-D3MNRr3m.png                       1,110.26 kB
dist/assets/rn-012-lesson-01-BXYRnzUo.png                       1,111.57 kB
dist/assets/rn-007-lesson-04-0ZHxuFKK.png                       1,114.22 kB
dist/assets/rn-sup-lesson-07-YH4Y9Trm.png                       1,119.79 kB
dist/assets/rn-014-lesson-02-BFzy1zVs.png                       1,120.06 kB
dist/assets/rn-sup-lesson-01-BLkJ2c73.png                       1,126.88 kB
dist/assets/rn-004-lesson-01-BK6DxJTR.png                       1,127.17 kB
dist/assets/rn-004-lesson-07-OBVNd2vc.png                       1,129.44 kB
dist/assets/rn-009-lesson-04-B0VgmOcH.png                       1,130.24 kB
dist/assets/rn-004-lesson-02-B264kVxv.png                       1,130.43 kB
dist/assets/rn-003-lesson-07-BkHLIMN_.png                       1,130.56 kB
dist/assets/rn-002-lesson-01-DHLx88MB.png                       1,134.56 kB
dist/assets/lesson-04-mismatch-stop-DejpffMt.png                1,135.07 kB
dist/assets/rn-011-lesson-05-CIR7erX3.png                       1,138.89 kB
dist/assets/rn-005-lesson-05-DqZ7yqw9.png                       1,140.98 kB
dist/assets/rn-004-lesson-04-COEzr41L.png                       1,141.79 kB
dist/assets/rn-015-lesson-02-Dy3WK6AZ.png                       1,142.47 kB
dist/assets/rn-009-lesson-01-BPx2kluz.png                       1,148.76 kB
dist/assets/rn-002-lesson-07-jpto3XZN.png                       1,150.74 kB
dist/assets/rn-005-lesson-07-AaeZdPBZ.png                       1,153.60 kB
dist/assets/rn-012-lesson-02-BjtpA5Og.png                       1,154.44 kB
dist/assets/rn-015-lesson-03-DaaLCArx.png                       1,155.21 kB
dist/assets/rn-011-lesson-02-D8DtMsCp.png                       1,160.20 kB
dist/assets/lesson-01-why-co-sign-CBIT7aB3.png                  1,161.93 kB
dist/assets/rn-012-lesson-03-5kVb-hWT.png                       1,163.22 kB
dist/assets/rn-012-lesson-06-BSsYFf7A.png                       1,168.75 kB
dist/assets/rn-007-lesson-03-BspfttDj.png                       1,169.30 kB
dist/assets/rn-003-lesson-06-C-Irq51c.png                       1,170.14 kB
dist/assets/rn-007-lesson-07-CJCOLw14.png                       1,173.73 kB
dist/assets/lesson-01-ipc-basics-C0UNs6bX.png                   1,174.40 kB
dist/assets/rn-004-lesson-06-CjPBcTwQ.png                       1,187.26 kB
dist/assets/rn-008-lesson-06-2TSANcjI.png                       1,190.39 kB
dist/assets/lesson-02-risk-tools-lItOsdQ2.png                   1,191.05 kB
dist/assets/rn-011-lesson-03-BVC_71Ew.png                       1,191.61 kB
dist/assets/rn-008-lesson-07-pMftu4dO.png                       1,193.98 kB
dist/assets/rn-009-lesson-06-DhemvP3a.png                       1,196.74 kB
dist/assets/rn-001-lesson-06-DEhkcU47.png                       1,202.41 kB
dist/assets/rn-003-lesson-02-B58jHH0l.png                       1,204.03 kB
dist/assets/rn-sup-lesson-02-oY968SVJ.png                       1,208.08 kB
dist/assets/lesson-05-reassess-DuCJYC6T.png                     1,209.80 kB
dist/assets/lesson-05-teach-back-C1ZMEzhF.png                   1,210.22 kB
dist/assets/rn-013-lesson-03-BQKQKXq4.png                       1,212.74 kB
dist/assets/lesson-06-documentation-BFFSu511.png                1,213.31 kB
dist/assets/lesson-04-required-fields-ArxQmPhg.png              1,218.19 kB
dist/assets/rn-008-lesson-03-BaMhRHfD.png                       1,221.43 kB
dist/assets/lesson-06-escalate-CsMziIlg.png                     1,225.06 kB
dist/assets/rn-013-lesson-02-Dq2CJXAi.png                       1,229.81 kB
dist/assets/rn-006-lesson-01-4iVAznpb.png                       1,232.33 kB
dist/assets/lesson-02-opqrstuv-m2g8zxlV.png                     1,234.69 kB
dist/assets/rn-012-lesson-05-B2Dl-BIz.png                       1,238.42 kB
dist/assets/rn-010-lesson-05-IPa9wtlM.png                       1,240.18 kB
dist/assets/lesson-07-complete-eXfW8r0E.png                     1,243.11 kB
dist/assets/rn-011-lesson-06-DueYhEsf.png                       1,245.21 kB
dist/assets/lesson-03-prohibited-NB2-Y6D1.png                   1,245.63 kB
dist/assets/rn-014-lesson-01-49-dsIY7.png                       1,261.89 kB
dist/assets/rn-015-lesson-05-Bj0EdF3O.png                       1,263.30 kB
dist/assets/rn-001-lesson-02-DQYS2Vc2.png                       1,264.37 kB
dist/assets/rn-003-lesson-01-CiCBKW-G.png                       1,268.58 kB
dist/assets/rn-014-lesson-03-Bg9vJar-.png                       1,271.17 kB
dist/assets/rn-010-lesson-03-BpmndOQ0.png                       1,272.03 kB
dist/assets/rn-009-lesson-02-CmK9N60d.png                       1,273.26 kB
dist/assets/rn-009-lesson-03-BofmNL65.png                       1,275.91 kB
dist/assets/rn-015-lesson-07-DDP7Ohkm.png                       1,283.37 kB
dist/assets/lesson-06-document-B65SPaYN.png                     1,284.27 kB
dist/assets/lesson-02-authorized-sXlfjU9r.png                   1,285.50 kB
dist/assets/lesson-03-precautions-DXLxWP64.png                  1,287.69 kB
dist/assets/lesson-04-dressing-CV_eM1T3.png                     1,289.84 kB
dist/assets/lesson-06-hold-notify-D7CqLbG8.png                  1,290.28 kB
dist/assets/rn-001-lesson-07-DAW_TRyV.png                       1,290.39 kB
dist/assets/rn-006-lesson-03--QwWbWYc.png                       1,291.76 kB
dist/assets/rn-014-lesson-07-z4imm6Na.png                       1,293.04 kB
dist/assets/rn-005-lesson-02-27b0uGFz.png                       1,299.49 kB
dist/assets/lesson-06-debrief-D0x_6km1.png                      1,299.61 kB
dist/assets/rn-014-lesson-04-lwNeCTWS.png                       1,301.65 kB
dist/assets/rn-014-lesson-06-CbwlgQvi.png                       1,302.25 kB
dist/assets/rn-005-lesson-04-C_Zly5Db.png                       1,306.13 kB
dist/assets/rn-015-lesson-01-BNW2KFFc.png                       1,309.55 kB
dist/assets/rn-008-lesson-02-Ck0I-N7T.png                       1,310.15 kB
dist/assets/rn-005-lesson-03-DZ1UwqWu.png                       1,312.87 kB
dist/assets/lesson-05-post-fall-BoZMCktt.png                    1,314.24 kB
dist/assets/rn-013-lesson-07-CRNKOLh2.png                       1,316.44 kB
dist/assets/lesson-06-escalate-C16LYRMh.png                     1,319.13 kB
dist/assets/lesson-07-complete-CB0vkfsR.png                     1,319.33 kB
dist/assets/rn-sup-lesson-03-BVgMmORL.png                       1,321.95 kB
dist/assets/rn-002-lesson-02-CdHJKsxl.png                       1,323.13 kB
dist/assets/lesson-01-exposure-control-plan-D41qNLvX.png        1,326.14 kB
dist/assets/rn-010-lesson-02-D_rVVFha.png                       1,329.28 kB
dist/assets/rn-009-lesson-07-xoD-UV7n.png                       1,331.66 kB
dist/assets/rn-006-lesson-07-BSAnVVy1.png                       1,332.16 kB
dist/assets/rn-009-lesson-05-q-cU2yJ8.png                       1,333.63 kB
dist/assets/rn-002-lesson-05-DGG4MvjA.png                       1,335.27 kB
dist/assets/rn-006-lesson-02-BwGM8F_a.png                       1,340.95 kB
dist/assets/rn-010-lesson-06-VXhVOYVr.png                       1,343.58 kB
dist/assets/lesson-07-practice-BGFKK5IC.png                     1,346.24 kB
dist/assets/don-020-lesson-07-D2xJ4hk5.png                      1,363.03 kB
dist/assets/lesson-03-risk-factors-DrAiavAj.png                 1,363.13 kB
dist/assets/rn-008-lesson-05-ydHfMGhp.png                       1,366.84 kB
dist/assets/rn-002-lesson-06-Ca4KMQW_.png                       1,370.33 kB
dist/assets/rn-006-lesson-06-sDnEdwLu.png                       1,373.79 kB
dist/assets/lesson-07-practice-BAhepvjw.png                     1,380.10 kB
dist/assets/rn-005-lesson-01-DWn9tglo.png                       1,380.54 kB
dist/assets/rn-sup-lesson-05-D16XU-NN.png                       1,380.78 kB
dist/assets/lesson-03-measure-Bv_D6ulR.png                      1,382.22 kB
dist/assets/don-018-lesson-03-HeFwgmyv.png                      1,384.00 kB
dist/assets/rn-010-lesson-07-CS1ZRknE.png                       1,390.62 kB
dist/assets/lesson-01-first-check-D2moaJiA.png                  1,397.68 kB
dist/assets/lesson-03-sharps-specimens-biohazard-CuG9ovZm.png   1,398.45 kB
dist/assets/lesson-04-post-exposure-response-Dy4lBHke.png       1,403.46 kB
dist/assets/rn-005-lesson-06-D_MSPa1J.png                       1,405.56 kB
dist/assets/rn-007-lesson-02-CvlcQpJk.png                       1,405.80 kB
dist/assets/don-019-lesson-02-D2KMDAVS.png                      1,407.40 kB
dist/assets/don-019-lesson-03-CGPdwFF2.png                      1,408.88 kB
dist/assets/don-007-lesson-02-BCFxVwdR.png                      1,411.39 kB
dist/assets/rn-006-lesson-05-Clt3cF8E.png                       1,411.63 kB
dist/assets/rn-013-lesson-05-I4ZMRnpg.png                       1,426.69 kB
dist/assets/lesson-05-decision-C6QX_H70.png                     1,431.74 kB
dist/assets/rn-007-lesson-06-BoT5me5j.png                       1,436.53 kB
dist/assets/don-007-lesson-06-c-RI5Rk3.png                      1,438.31 kB
dist/assets/lesson-05-vaccination-rights-records-oFfZb2st.png   1,456.39 kB
dist/assets/lesson-04-observe-DvVOEDcy.png                      1,462.56 kB
dist/assets/rn-003-lesson-05-Cde7XqHZ.png                       1,462.80 kB
dist/assets/rn-014-lesson-05-BmRcJ6-E.png                       1,464.47 kB
dist/assets/don-017-lesson-03-bOzlh0nf.png                      1,464.63 kB
dist/assets/don-021-lesson-05-BRdr0_MX.png                      1,464.73 kB
dist/assets/lesson-04-conditional-CplQjqPS.png                  1,465.28 kB
dist/assets/don-010-lesson-06-BvuZTbRz.png                      1,470.88 kB
dist/assets/don-017-lesson-05-BnTTy2fe.png                      1,473.88 kB
dist/assets/don-021-lesson-01-YOQeFuqC.png                      1,473.94 kB
dist/assets/rn-012-lesson-07-CJvowtGI.png                       1,475.40 kB
dist/assets/lesson-06-exposure-CwffIH9j.png                     1,475.81 kB
dist/assets/rn-004-lesson-05-BJm-Bn02.png                       1,478.55 kB
dist/assets/lesson-02-preceptor-lt1gnJmg.png                    1,486.54 kB
dist/assets/lesson-02-hand-hygiene-Dgi9277x.png                 1,489.95 kB
dist/assets/don-018-lesson-01-ByUE5Czb.png                      1,492.91 kB
dist/assets/don-018-lesson-02-CWSQNNh5.png                      1,494.06 kB
dist/assets/don-019-lesson-04-BhLLT9Ev.png                      1,496.51 kB
dist/assets/don-009-lesson-04-CGpDhB_F.png                      1,500.99 kB
dist/assets/don-021-lesson-07-WJinnAj2.png                      1,503.59 kB
dist/assets/rn-001-lesson-03-B4Efox60.png                       1,506.09 kB
dist/assets/lesson-07-combined-field-simulation-DAmy39DJ.png    1,506.29 kB
dist/assets/lesson-07-practice-Ddu0kGcy.png                     1,510.96 kB
dist/assets/rn-002-lesson-03-Cii09Jz-.png                       1,513.15 kB
dist/assets/lesson-01-authority-DnEehtR4.png                    1,514.78 kB
dist/assets/don-021-lesson-06-DAqgr31T.png                      1,517.25 kB
dist/assets/don-019-lesson-01-CiK5-20y.png                      1,525.58 kB
dist/assets/don-018-lesson-06-CLzHzv9e.png                      1,527.34 kB
dist/assets/lesson-02-bloodborne-controls-CM4ClI71.png          1,542.38 kB
dist/assets/rn-001-lesson-05-DEB64tXT.png                       1,544.42 kB
dist/assets/don-010-lesson-02-BQvRzNwJ.png                      1,547.16 kB
dist/assets/lesson-06-tb-respiratory-protection-Bmu-HZAH.png    1,548.54 kB
dist/assets/don-008-lesson-05-BSEKNwSZ.png                      1,558.50 kB
dist/assets/lesson-04-high-alert-BvZQbxAM.png                   1,559.73 kB
dist/assets/don-007-lesson-04-BR5MiYXx.png                      1,560.69 kB
dist/assets/don-007-lesson-05-D2XhbjZD.png                      1,562.45 kB
dist/assets/don-009-lesson-01-BCF3cwH6.png                      1,562.45 kB
dist/assets/lesson-05-reporting-non-retaliation-BdRiyAAG.png    1,562.97 kB
dist/assets/don-018-lesson-04-9vePS-7R.png                      1,563.41 kB
dist/assets/lesson-03-route-ZnZdw7sm.png                        1,563.89 kB
dist/assets/lesson-05-hazard-communication-zdVRaZ5y.png         1,564.39 kB
dist/assets/don-008-lesson-03-DPtGExpl.png                      1,565.61 kB
dist/assets/don-010-lesson-05-CHoTdHJ5.png                      1,573.84 kB
dist/assets/lesson-01-field-entry-D4dRjIiK.png                  1,573.91 kB
dist/assets/lesson-01-why-falls-BHwQdwbB.png                    1,574.87 kB
dist/assets/don-010-lesson-03-C6cQT0Ir.png                      1,575.80 kB
dist/assets/lesson-04-interventions-BRM_X-8Z.png                1,578.74 kB
dist/assets/don-009-lesson-03-BF6FwqaW.png                      1,578.76 kB
dist/assets/lesson-01-med-safety-DUS1y-p6.png                   1,579.97 kB
dist/assets/don-008-lesson-02-BmQRLF4h.png                      1,581.45 kB
dist/assets/don-010-lesson-01-Ccwct8nR.png                      1,583.48 kB
dist/assets/lesson-05-incident-response-DXE2Rwvz.png            1,584.01 kB
dist/assets/don-006-lesson-04-DOM74luv.png                      1,585.94 kB
dist/assets/don-007-lesson-07-P1nfkBFx.png                      1,587.27 kB
dist/assets/don-006-lesson-07-DDsVJYdd.png                      1,590.10 kB
dist/assets/don-006-lesson-02-B6encb4J.png                      1,590.69 kB
dist/assets/lesson-03-ppe-CoZlGBD2.png                          1,594.52 kB
dist/assets/lesson-07-compliance-practice-BeU3fXVp.png          1,596.02 kB
dist/assets/lesson-06-downtime-kTAnsrjY.png                     1,598.84 kB
dist/assets/rn-004-lesson-03-B_jyhBtc.png                       1,599.77 kB
dist/assets/lesson-05-infection-ClDnpwtq.png                    1,601.37 kB
dist/assets/don-021-lesson-03-B7aeTGl3.png                      1,602.19 kB
dist/assets/lesson-02-permitted-disclosures-uHh85kxJ.png        1,606.66 kB
dist/assets/don-019-lesson-07-C9gM00Lh.png                      1,617.72 kB
dist/assets/lesson-06-resolve-BdqR-k5c.png                      1,618.47 kB
dist/assets/don-019-lesson-05-CCtk5HiP.png                      1,622.95 kB
dist/assets/lesson-01-wound-scope-gLzpd9YM.png                  1,627.96 kB
dist/assets/don-017-lesson-02-DItCWhQ1.png                      1,628.05 kB
dist/assets/don-007-lesson-01-CRjZYKqk.png                      1,634.40 kB
dist/assets/don-008-lesson-04-BvkAl4Dz.png                      1,635.99 kB
dist/assets/don-006-lesson-05-DfyanPVb.png                      1,637.37 kB
dist/assets/don-020-lesson-01-CgYJ7Hpp.png                      1,638.65 kB
dist/assets/don-017-lesson-01-DsOIqW2v.png                      1,643.18 kB
dist/assets/don-009-lesson-05-Buh3sC7G.png                      1,649.41 kB
dist/assets/don-009-lesson-07-I3jEuzfs.png                      1,652.75 kB
dist/assets/lesson-02-hand-hygiene-BCrn4flY.png                 1,654.81 kB
dist/assets/don-020-lesson-03-Daf2AACV.png                      1,656.81 kB
dist/assets/don-006-lesson-03-BZWtqWPb.png                      1,657.36 kB
dist/assets/don-018-lesson-05-D8II-Z0b.png                      1,657.89 kB
dist/assets/lesson-04-intervene-KlwGVvVP.png                    1,664.36 kB
dist/assets/don-017-lesson-06-DFihRlq2.png                      1,664.50 kB
dist/assets/don-010-lesson-07-HOQDiQbI.png                      1,665.50 kB
dist/assets/don-008-lesson-01-69DLIUCk.png                      1,669.81 kB
dist/assets/don-018-lesson-07-C7IqnmF0.png                      1,671.36 kB
dist/assets/lesson-05-dependencies-BuXCblvg.png                 1,672.57 kB
dist/assets/lesson-04-reporting-chain-B2D5ZBbv.png              1,672.95 kB
dist/assets/don-010-lesson-04-CzoRIEWV.png                      1,674.37 kB
dist/assets/don-008-lesson-07-D0bePIsq.png                      1,677.39 kB
dist/assets/don-020-lesson-04-C8cNBWjA.png                      1,679.95 kB
dist/assets/lesson-05-contain-clean-route-DE1wEf2i.png          1,681.30 kB
dist/assets/don-017-lesson-04-DBqVWgm8.png                      1,682.83 kB
dist/assets/don-009-lesson-02-DETawU7b.png                      1,684.33 kB
dist/assets/lesson-01-agency-plan-BdfVdkXX.png                  1,685.59 kB
dist/assets/lesson-03-priority-triage-BEy0hVRu.png              1,685.76 kB
dist/assets/don-006-lesson-01-BkDXDKFz.png                      1,691.61 kB
dist/assets/lesson-01-privacy-foundations-BRIvO9jZ.png          1,694.52 kB
dist/assets/don-019-lesson-06-DyF_rjDS.png                      1,696.73 kB
dist/assets/don-006-lesson-06-DBez3e45.png                      1,698.70 kB
dist/assets/don-021-lesson-02-DR-eHf17.png                      1,701.81 kB
dist/assets/don-017-lesson-07-CpDgy4O4.png                      1,708.77 kB
dist/assets/lesson-03-fwa-fca-BSWDC-JI.png                      1,710.43 kB
dist/assets/don-020-lesson-02-NE5aNJvh.png                      1,726.55 kB
dist/assets/lesson-04-bag-technique-DTkIRFhn.png                1,728.17 kB
dist/assets/don-007-lesson-03-DVzo71IH.png                      1,732.09 kB
dist/assets/lesson-05-mdr-medwatch-CZ9QZoMu.png                 1,735.65 kB
dist/assets/lesson-02-integrity-CFmlI-CP.png                    1,738.51 kB
dist/assets/lesson-04-privacy-rights-CdO5cAam.png               1,749.22 kB
dist/assets/don-020-lesson-05-Cu_oZKxv.png                      1,754.85 kB
dist/assets/lesson-04-boundaries-x3cxBewm.png                   1,755.26 kB
dist/assets/lesson-04-end-of-life-escalation-BdnHVUGY.png       1,755.81 kB
dist/assets/don-020-lesson-06-CtO3KDM3.png                      1,756.41 kB
dist/assets/lesson-01-ethical-principles-BCGBGeXf.png           1,757.32 kB
dist/assets/lesson-05-professional-boundaries-BGp9i1r_.png      1,758.70 kB
dist/assets/lesson-06-investigations-response-McpZ0gRc.png      1,759.33 kB
dist/assets/lesson-04-bag-technique-Bl76T7mF.png                1,767.91 kB
dist/assets/lesson-01-iipp-foundations-D8uTxDHX.png             1,777.52 kB
dist/assets/lesson-06-recall-quarantine-C-xqAi0O.png            1,778.74 kB
dist/assets/lesson-06-ethics-consultation-CyIRgaMi.png          1,783.88 kB
dist/assets/lesson-03-field-security-BIxLtm1R.png               1,786.50 kB
dist/assets/lesson-01-classify-DryLxkuR.png                     1,792.01 kB
dist/assets/lesson-02-all-hazards-kaI7tQ7r.png                  1,793.12 kB
dist/assets/lesson-02-home-challenges-BsjvKnhV.png              1,793.95 kB
dist/assets/lesson-06-respect-reporting-BLigDxEv.png            1,796.32 kB
dist/assets/lesson-03-preserve-device-evidence-iWcgdOuV.png     1,797.88 kB
dist/assets/lesson-03-equitable-access-CJlIC_jR.png             1,798.15 kB
dist/assets/don-021-lesson-04-D4bwgxCY.png                      1,802.82 kB
dist/assets/don-009-lesson-06-BHq-eXEW.png                      1,804.73 kB
dist/assets/lesson-07-integrated-practice-DTYXJCy-.png          1,814.50 kB
dist/assets/don-008-lesson-06-BiQD4bKu.png                      1,817.21 kB
dist/assets/lesson-01-compliance-duty-_pDVUu9F.png              1,824.13 kB
dist/assets/lesson-05-whole-person-household-izN07Rq4.png       1,832.26 kB
dist/assets/lesson-06-closed-loop-BvMumbOz.png                  1,836.93 kB
dist/assets/lesson-02-protect-patient-first-CGzHx61Y.png        1,845.04 kB
dist/assets/lesson-07-complex-simulation-BoiHfzrZ.png           1,850.55 kB
dist/assets/lesson-02-beliefs-values-preferences-D-QAR6fh.png   1,851.74 kB
dist/assets/lesson-04-health-literacy-DQJ6p1pP.png              1,855.04 kB
dist/assets/lesson-02-listen-DrMBz8du.png                       1,855.19 kB
dist/assets/lesson-04-evacuation-Cm9I3YcQ.png                   1,855.44 kB
dist/assets/lesson-01-recognize-device-hazards-562zAF_s.png     1,855.59 kB
dist/assets/lesson-06-sensitive-sharing-BtWvMnum.png            1,855.60 kB
dist/assets/lesson-01-self-awareness-Dfpa0C3c.png               1,857.08 kB
dist/assets/lesson-02-consent-and-choice-DR3t3O2F.png           1,866.35 kB
dist/assets/lesson-04-ergonomics-falls-DjIRRtxe.png             1,869.65 kB
dist/assets/lesson-07-simulation-CJtWYG1z.png                   1,880.00 kB
dist/assets/lesson-07-integrated-scenario-bEYS6OJS.png          1,886.52 kB
dist/assets/lesson-07-scenarios-DEPdoFAk.png                    1,886.60 kB
dist/assets/lesson-07-field-practice-CU8tJD9K.png               1,889.44 kB
dist/assets/lesson-05-emotional-cognitive-KpsOh4tX.png          1,893.81 kB
dist/assets/lesson-04-referrals-conflicts--PeQ314N.png          1,897.73 kB
dist/assets/lesson-01-barriers-MbQW2El-.png                     1,902.83 kB
dist/assets/lesson-03-accessible-communication-L4hjP5D1.png     1,904.42 kB
dist/assets/lesson-06-recognize-teach-report-D9rI0Arp.png       1,904.66 kB
dist/assets/lesson-07-integrated-simulation-BzYvBaRY.png        1,907.57 kB
dist/assets/lesson-06-reporting-driving-DPXLP5j_.png            1,918.65 kB
dist/assets/lesson-02-language-access-B_yL4HsW.png              1,927.38 kB
dist/assets/lesson-03-personal-security-D9es6Y6Y.png            1,936.33 kB
dist/assets/lesson-04-interpreter-teach-back-BNBKzEh0.png       1,936.38 kB
dist/assets/lesson-02-hazard-scan-BIHK2c9x.png                  1,936.88 kB
dist/assets/lesson-07-full-visit-DgxaN7KW.png                   1,939.73 kB
dist/assets/lesson-01-break-the-chain-CZJwJZEK.png              1,939.89 kB
dist/assets/lesson-05-rights-BpZWqwm9.png                       1,941.05 kB
dist/assets/lesson-04-consent-refusal-2ieBibiG.png              2,097.64 kB
dist/assets/lesson-07-integrated-simulation-D1QDK9BG.png        2,112.60 kB
dist/assets/lesson-03-informed-participation-U4HvWXs6.png       2,157.36 kB
dist/assets/lesson-05-complaints-CYcoI4wH.png                   2,254.12 kB
dist/assets/lesson-01-rights-notice-DOg9dP2W.png                2,254.32 kB
dist/assets/lesson-02-dignity-respect-LzGFrTYC.png              2,280.35 kB
dist/assets/lesson-06-transfer-responsibilities-BIQKBBfh.png    2,293.58 kB
dist/assets/lesson-07-rights-at-door-CvvrX26a.png               2,302.99 kB
dist/assets/adm-008-lesson-05-BVA4lbpR.png                      2,544.02 kB
dist/assets/don-013-lesson-01-UzBZSiu-.png                      2,545.48 kB
dist/assets/don-002-lesson-02-BBRiazpq.png                      2,554.70 kB
dist/assets/don-002-lesson-07-CwAzqkU9.png                      2,556.59 kB
dist/assets/don-002-lesson-01-Boho4cHg.png                      2,557.64 kB
dist/assets/don-001-lesson-01-DyGHtuQB.png                      2,559.42 kB
dist/assets/don-002-lesson-03-Di0baZ11.png                      2,562.86 kB
dist/assets/adm-013-lesson-07-D15N8J3f.png                      2,599.35 kB
dist/assets/don-012-lesson-06-k6u8ZLMA.png                      2,602.92 kB
dist/assets/don-002-lesson-06-BLsH0__n.png                      2,605.77 kB
dist/assets/don-012-lesson-07-D3GGHBUy.png                      2,605.89 kB
dist/assets/adm-005-lesson-04-CosTod00.png                      2,616.18 kB
dist/assets/don-005-lesson-05-DqsNISV6.png                      2,618.13 kB
dist/assets/adm-004-lesson-07-CZs4uxdL.png                      2,621.81 kB
dist/assets/don-004-lesson-03-BalCTr90.png                      2,622.22 kB
dist/assets/don-012-lesson-01-RuDIJZEk.png                      2,627.39 kB
dist/assets/adm-010-lesson-07-By9NWh1O.png                      2,637.51 kB
dist/assets/don-005-lesson-06-Dz_eBmOt.png                      2,639.82 kB
dist/assets/adm-004-lesson-04-COIyQbFO.png                      2,661.53 kB
dist/assets/adm-008-lesson-04-BUl9CM2S.png                      2,663.43 kB
dist/assets/adm-014-lesson-03-CtpC2FxL.png                      2,664.62 kB
dist/assets/adm-015-lesson-04-hjw6iUEl.png                      2,665.94 kB
dist/assets/don-004-lesson-07-BvjEXvTI.png                      2,667.13 kB
dist/assets/don-004-lesson-02-DrUP95On.png                      2,667.16 kB
dist/assets/adm-006-lesson-01-CSB1bnQs.png                      2,668.85 kB
dist/assets/adm-006-lesson-02-iZkHlZNW.png                      2,670.44 kB
dist/assets/adm-014-lesson-07-D4VGS4kc.png                      2,675.50 kB
dist/assets/adm-007-lesson-07-DKLGyHHZ.png                      2,679.13 kB
dist/assets/don-014-lesson-06-BbcG3LXc.png                      2,680.11 kB
dist/assets/adm-005-lesson-03-BgQfmAD2.png                      2,685.54 kB
dist/assets/adm-008-lesson-03-nE7-iyx_.png                      2,687.79 kB
dist/assets/don-015-lesson-05-C7trvqIw.png                      2,688.42 kB
dist/assets/adm-014-lesson-01-DBnzGaz9.png                      2,691.08 kB
dist/assets/don-004-lesson-05-D6wNRlx8.png                      2,691.54 kB
dist/assets/don-001-lesson-04-CqS4qaxs.png                      2,695.47 kB
dist/assets/adm-008-lesson-07-COYRbvmD.png                      2,695.67 kB
dist/assets/adm-007-lesson-05-5J_ZTaCO.png                      2,700.25 kB
dist/assets/don-001-lesson-02-B0qacYFU.png                      2,701.31 kB
dist/assets/don-002-lesson-05-C-TJ62Tp.png                      2,702.16 kB
dist/assets/adm-005-lesson-07-Cc8mEX9k.png                      2,705.38 kB
dist/assets/don-004-lesson-01-D_SyMLLY.png                      2,706.77 kB
dist/assets/adm-010-lesson-01-DvQ44XGM.png                      2,708.82 kB
dist/assets/don-005-lesson-01-BjXOPlJ_.png                      2,717.83 kB
dist/assets/adm-013-lesson-05-ZYml__lC.png                      2,718.50 kB
dist/assets/adm-013-lesson-01-CIFX7frK.png                      2,720.85 kB
dist/assets/don-004-lesson-06-C6IyV1kW.png                      2,723.57 kB
dist/assets/adm-002-lesson-04-BL_vb7Rf.png                      2,723.74 kB
dist/assets/adm-010-lesson-06-51qwj-oD.png                      2,723.99 kB
dist/assets/don-012-lesson-03-CMwlVBuD.png                      2,727.93 kB
dist/assets/adm-007-lesson-01-BOIbRb8A.png                      2,729.32 kB
dist/assets/don-003-lesson-07-DLd34gg1.png                      2,731.13 kB
dist/assets/don-013-lesson-06-BCHzk3Np.png                      2,731.97 kB
dist/assets/don-013-lesson-07-BiDtG8g_.png                      2,736.24 kB
dist/assets/don-015-lesson-04-CdHNCXPg.png                      2,738.90 kB
dist/assets/adm-002-lesson-02-CcNHssRO.png                      2,739.07 kB
dist/assets/adm-004-lesson-06-D98tfq3i.png                      2,740.43 kB
dist/assets/don-003-lesson-06-OszceroR.png                      2,740.92 kB
dist/assets/don-003-lesson-01-COnrF2qK.png                      2,742.93 kB
dist/assets/adm-006-lesson-05-D7C7OoaJ.png                      2,746.67 kB
dist/assets/don-005-lesson-02-C97sUIut.png                      2,750.02 kB
dist/assets/adm-015-lesson-07-ByUOeJwX.png                      2,753.45 kB
dist/assets/adm-003-lesson-07-BT6KPSrf.png                      2,757.24 kB
dist/assets/adm-002-lesson-06-ByAvU2_S.png                      2,758.01 kB
dist/assets/don-014-lesson-03-uz3eJG_I.png                      2,759.15 kB
dist/assets/adm-015-lesson-01-B0FOg1ND.png                      2,760.07 kB
dist/assets/adm-014-lesson-06-Do4It01V.png                      2,765.02 kB
dist/assets/adm-012-lesson-07-6Gc-UWaQ.png                      2,768.84 kB
dist/assets/don-005-lesson-03-BxYgr9_-.png                      2,769.23 kB
dist/assets/don-012-lesson-04-BTmL1w_g.png                      2,774.04 kB
dist/assets/don-011-lesson-03-Be1V2dUa.png                      2,774.32 kB
dist/assets/adm-002-lesson-07-CZ2JjZLq.png                      2,775.67 kB
dist/assets/adm-013-lesson-04-CrH4rI62.png                      2,776.51 kB
dist/assets/adm-006-lesson-07-DQH6GLw3.png                      2,777.12 kB
dist/assets/adm-012-lesson-03-CO2FYx-H.png                      2,777.43 kB
dist/assets/don-015-lesson-01-DqXeTVkc.png                      2,777.80 kB
dist/assets/adm-015-lesson-05-BzqzVDBA.png                      2,779.40 kB
dist/assets/don-014-lesson-05-CgNtornb.png                      2,782.26 kB
dist/assets/adm-009-lesson-05-BmjuXWG6.png                      2,782.63 kB
dist/assets/adm-008-lesson-01-C8vcjshz.png                      2,784.09 kB
dist/assets/don-001-lesson-06-Bmb--lDq.png                      2,786.13 kB
dist/assets/don-003-lesson-04-a8fZk6qQ.png                      2,787.60 kB
dist/assets/adm-003-lesson-02-QwB78OeA.png                      2,788.38 kB
dist/assets/adm-014-lesson-05-D4peuGYc.png                      2,794.64 kB
dist/assets/don-015-lesson-02-DpHyyPE4.png                      2,794.84 kB
dist/assets/don-001-lesson-05-D04WWGiV.png                      2,797.95 kB
dist/assets/don-011-lesson-05-DoJV6DrZ.png                      2,799.57 kB
dist/assets/adm-006-lesson-04-Plg0sVzL.png                      2,802.41 kB
dist/assets/don-014-lesson-07-D-EbC2cm.png                      2,804.53 kB
dist/assets/adm-015-lesson-02-2omDXmR9.png                      2,805.01 kB
dist/assets/adm-001-lesson-02-MYtQ1jds.png                      2,808.51 kB
dist/assets/adm-013-lesson-03-DRzx8Ra9.png                      2,809.10 kB
dist/assets/don-011-lesson-02-B9TNdHM8.png                      2,809.27 kB
dist/assets/don-011-lesson-04-CI-TefGV.png                      2,809.44 kB
dist/assets/adm-005-lesson-06-BupsSjEN.png                      2,809.60 kB
dist/assets/don-005-lesson-07-DOqvTFev.png                      2,811.28 kB
dist/assets/adm-004-lesson-01-Bb4uKmHi.png                      2,812.54 kB
dist/assets/don-014-lesson-02-chf-aGqr.png                      2,813.69 kB
dist/assets/don-005-lesson-04-CJFGWzSh.png                      2,816.05 kB
dist/assets/don-013-lesson-03-BPhxVaPi.png                      2,816.88 kB
dist/assets/adm-014-lesson-04-CovJ7cTk.png                      2,817.43 kB
dist/assets/adm-009-lesson-07-u_57Q8qf.png                      2,818.85 kB
dist/assets/adm-012-lesson-04-BAJqS5uZ.png                      2,819.11 kB
dist/assets/adm-014-lesson-02-B1r0ZGZP.png                      2,820.64 kB
dist/assets/don-013-lesson-04-CHi9qJCg.png                      2,820.88 kB
dist/assets/don-004-lesson-04-JGx96RCk.png                      2,821.59 kB
dist/assets/don-002-lesson-04-DjSasSul.png                      2,826.45 kB
dist/assets/don-003-lesson-05-bEEt2WFC.png                      2,827.35 kB
dist/assets/don-003-lesson-03-CFQ3NpDP.png                      2,827.91 kB
dist/assets/adm-012-lesson-06-BOC70h_O.png                      2,831.65 kB
dist/assets/don-003-lesson-02-DQ_ttgTo.png                      2,832.58 kB
dist/assets/adm-007-lesson-02-Pnp1xxZ0.png                      2,834.92 kB
dist/assets/adm-002-lesson-05-DR1j-nDR.png                      2,840.33 kB
dist/assets/adm-004-lesson-02-DbmCTQfD.png                      2,841.23 kB
dist/assets/adm-011-lesson-03-YsfXf6Ue.png                      2,842.14 kB
dist/assets/adm-005-lesson-02-oCFwOB7c.png                      2,842.70 kB
dist/assets/adm-008-lesson-02-CoG9FA8J.png                      2,849.24 kB
dist/assets/adm-012-lesson-01-D5pUfCMB.png                      2,850.33 kB
dist/assets/adm-006-lesson-03-CuKZBf6g.png                      2,852.17 kB
dist/assets/don-011-lesson-01-ChivcChf.png                      2,860.80 kB
dist/assets/adm-004-lesson-05-Cs8OLH7S.png                      2,861.85 kB
dist/assets/adm-002-lesson-01-dW47hkGW.png                      2,865.08 kB
dist/assets/don-014-lesson-01-BZyBTEuI.png                      2,867.69 kB
dist/assets/don-012-lesson-05-sk0UIXO6.png                      2,868.75 kB
dist/assets/adm-015-lesson-03-rfkXhPOO.png                      2,869.68 kB
dist/assets/adm-015-lesson-06-BsbwkIzs.png                      2,874.50 kB
dist/assets/adm-012-lesson-05-B0LbqGqE.png                      2,874.83 kB
dist/assets/adm-013-lesson-06-YYEW6R68.png                      2,875.26 kB
dist/assets/adm-001-lesson-06-COYYCS4R.png                      2,875.39 kB
dist/assets/don-001-lesson-03-CL0-blpW.png                      2,880.86 kB
dist/assets/adm-007-lesson-04-CwVvO51C.png                      2,882.00 kB
dist/assets/don-011-lesson-06-i3eEtLXj.png                      2,886.30 kB
dist/assets/don-001-lesson-07-BecHgOXg.png                      2,891.07 kB
dist/assets/adm-003-lesson-01-CX4EVpjj.png                      2,891.68 kB
dist/assets/adm-011-lesson-07-y4fOlBzb.png                      2,895.31 kB
dist/assets/don-013-lesson-05-ByFLope6.png                      2,898.57 kB
dist/assets/don-012-lesson-02-CzI990f4.png                      2,905.90 kB
dist/assets/don-015-lesson-07-FLMmi6Hz.png                      2,911.85 kB
dist/assets/adm-009-lesson-06-DNGzVb5D.png                      2,917.10 kB
dist/assets/adm-008-lesson-06-BcHHDtv7.png                      2,919.49 kB
dist/assets/adm-006-lesson-06-DU-RTVOX.png                      2,919.52 kB
dist/assets/adm-002-lesson-03-B6rtWR3J.png                      2,923.89 kB
dist/assets/don-011-lesson-07-B53ncSnO.png                      2,924.28 kB
dist/assets/adm-005-lesson-05-DE6ww7vc.png                      2,926.16 kB
dist/assets/don-016-lesson-03-DLLczaX6.png                      2,930.92 kB
dist/assets/adm-011-lesson-01-gs1NtqTP.png                      2,942.57 kB
dist/assets/adm-010-lesson-05-DsE81G3u.png                      2,949.08 kB
dist/assets/lesson-03-competing-duties-nj1H_sbM.png             2,964.17 kB
dist/assets/adm-007-lesson-03-CbaR3KOk.png                      2,964.57 kB
dist/assets/adm-007-lesson-06-xgdsrAfn.png                      2,968.31 kB
dist/assets/adm-011-lesson-02-f0Tq43OU.png                      2,977.22 kB
dist/assets/adm-010-lesson-02-JObt64xf.png                      2,982.81 kB
dist/assets/adm-005-lesson-01-B4h3x1F7.png                      2,982.94 kB
dist/assets/don-014-lesson-04-Dlqlb48i.png                      2,986.06 kB
dist/assets/don-016-lesson-04-DykKoWlO.png                      2,989.95 kB
dist/assets/adm-003-lesson-06-CxD8lzik.png                      2,993.15 kB
dist/assets/adm-004-lesson-03-hZ5HA-1D.png                      2,998.96 kB
dist/assets/adm-013-lesson-02-DBYsuM9I.png                      3,001.60 kB
dist/assets/don-013-lesson-02-D3bDAVl5.png                      3,006.34 kB
dist/assets/adm-001-lesson-03-BZ3r_BQy.png                      3,014.50 kB
dist/assets/don-015-lesson-03-XZEFj3ic.png                      3,020.16 kB
dist/assets/don-016-lesson-06-BSoWvQrY.png                      3,023.96 kB
dist/assets/don-016-lesson-07-eHEZUied.png                      3,025.64 kB
dist/assets/adm-001-lesson-05-CdrxX1aq.png                      3,026.23 kB
dist/assets/adm-011-lesson-06-B7aU-3Fj.png                      3,027.58 kB
dist/assets/adm-009-lesson-01-BlD-ijj-.png                      3,031.12 kB
dist/assets/adm-009-lesson-02-B8LI4DUM.png                      3,042.88 kB
dist/assets/don-015-lesson-06-Bo-tAUxG.png                      3,046.42 kB
dist/assets/adm-001-lesson-04-oaQtZ777.png                      3,055.06 kB
dist/assets/don-016-lesson-01-0Q47Smj3.png                      3,057.47 kB
dist/assets/don-016-lesson-02-Pp3V2n1m.png                      3,072.50 kB
dist/assets/adm-009-lesson-03-BIjATxhp.png                      3,089.29 kB
dist/assets/adm-001-lesson-01-D5c7EBOm.png                      3,099.10 kB
dist/assets/adm-011-lesson-04-BixxF215.png                      3,106.79 kB
dist/assets/adm-001-lesson-07-C6HA6mRH.png                      3,117.82 kB
dist/assets/adm-010-lesson-04-BNwpkYf1.png                      3,148.68 kB
dist/assets/adm-003-lesson-03-AWFgWDCK.png                      3,160.65 kB
dist/assets/adm-010-lesson-03-Cglja0by.png                      3,160.75 kB
dist/assets/don-016-lesson-05-CiE_6ovE.png                      3,204.13 kB
dist/assets/adm-011-lesson-05-B0inFNHX.png                      3,210.05 kB
dist/assets/adm-009-lesson-04-CHOaF9t-.png                      3,218.26 kB
dist/assets/adm-003-lesson-04-_dMjHIMV.png                      3,239.36 kB
dist/assets/adm-012-lesson-02-c9ACgWhM.png                      3,247.15 kB
dist/assets/adm-003-lesson-05-BvQsHfUQ.png                      3,249.36 kB
dist/assets/index-C1ttcedB.css                                    229.12 kB Γöé gzip:    35.89 kB
dist/assets/index-D5Nh0PvB.js                                  33,822.44 kB Γöé gzip: 5,978.69 kB

[PLUGIN_TIMINGS] Warning: Your build spent significant time in plugin `vite:asset`. See https://rolldown.rs/options/checks#plugintimings for more details.

[plugin builtin:vite-reporter] 
(!) Some chunks are larger than 500 kB after minification. Consider:
- Using dynamic import() to code-split the application
- Use build.rolldownOptions.output.codeSplitting to improve chunking: https://rolldown.rs/reference/OutputOptions.codeSplitting
- Adjust chunk size limit for this warning via build.chunkSizeWarningLimit.
Γ£ô built in 11.84s
